Component: Arm Compiler for Embedded 6.24 Tool: armlink [5f371500]

==============================================================================

Section Cross References

    main.o(.text) refers to display.o(.text) for display_clear
    main.o(.text) refers to button_state.o(.text) for button_state_eval
    main.o(.text) refers to counter.o(.text) for counter_read
    main.o(.text) refers to statistics.o(.text) for statistics_add_throw
    main.o(.ARM.exidx) refers to main.o(.text) for [Anonymous Symbol]
    button_state.o(.text) refers to button_state.o(.bss.last_button_state) for [Anonymous Symbol]
    button_state.o(.ARM.exidx) refers to button_state.o(.text) for [Anonymous Symbol]
    counter.o(.text) refers to rand.o(.emb_text) for rand
    counter.o(.text) refers to aeabi_sdiv.o(.text) for __aeabi_idivmod
    counter.o(.text) refers to counter.o(.data.dice_counter) for [Anonymous Symbol]
    counter.o(.ARM.exidx) refers to counter.o(.text) for [Anonymous Symbol]
    display.o(.text) refers to hal_ct_seg7.o(.text) for hal_ct_seg7_bin_write
    display.o(.text) refers to aeabi_sdiv.o(.text) for __aeabi_uidiv
    display.o(.text) refers to rt_memcpy.o(.text) for __aeabi_memcpy
    display.o(.text) refers to snprintf.o(.text) for snprintf
    display.o(.text) refers to display.o(.rodata..L__const.display_write_total.buffer) for [Anonymous Symbol]
    display.o(.text) refers to display.o(.rodata.str1.1) for [Anonymous Symbol]
    display.o(.ARM.exidx) refers to display.o(.text) for [Anonymous Symbol]
    statistics.o(.text) refers to statistics.o(.bss.nr_of_throws) for [Anonymous Symbol]
    statistics.o(.ARM.exidx) refers to statistics.o(.text) for [Anonymous Symbol]
    datainit_ctboard.o(.text) refers to __scatter.o(!!!scatter) for __scatterload
    datainit_ctboard.o(.text) refers to main.o(.text) for main
    datainit_ctboard.o(.text) refers (Weak) to startup_ctboard.o(STACK) for Stack_Mem
    startup_ctboard.o(RESET) refers to startup_ctboard.o(STACK) for __initial_sp
    startup_ctboard.o(RESET) refers to startup_ctboard.o(.text) for Reset_Handler
    startup_ctboard.o(.text) refers to system_ctboard.o(.text) for __system
    startup_ctboard.o(.text) refers to datainit_ctboard.o(.text) for __main
    system_ctboard.o(.text) refers (Special) to use_no_semi_2.o(.text) for __use_no_semihosting
    system_ctboard.o(.text) refers to hal_rcc.o(.text) for hal_rcc_reset
    system_ctboard.o(.text) refers to hal_pwr.o(.text) for hal_pwr_set_overdrive
    system_ctboard.o(.text) refers to hal_gpio.o(.text) for hal_gpio_init_alternate
    system_ctboard.o(.text) refers to hal_fmc.o(.text) for hal_fmc_init_sram
    system_ctboard.o(.ARM.exidx) refers (Special) to use_no_semi_2.o(.text) for __use_no_semihosting
    system_ctboard.o(.ARM.exidx) refers to system_ctboard.o(.text) for [Anonymous Symbol]
    hal_ct_seg7.o(.text) refers to assert.o(.text) for __aeabi_assert
    hal_ct_seg7.o(.text) refers to hal_ct_seg7.o(.rodata.str1.1) for [Anonymous Symbol]
    hal_ct_seg7.o(.text) refers to aeabi_sdiv.o(.text) for __aeabi_uidivmod
    hal_ct_seg7.o(.text) refers to hal_ct_seg7.o(.rodata.hal_ct_seg7_get_seg7.conv_tab) for [Anonymous Symbol]
    hal_ct_seg7.o(.ARM.exidx) refers to hal_ct_seg7.o(.text) for [Anonymous Symbol]
    hal_fmc.o(.text) refers to assert.o(.text) for __aeabi_assert
    hal_fmc.o(.text) refers to hal_fmc.o(.rodata.str1.1) for [Anonymous Symbol]
    hal_fmc.o(.ARM.exidx) refers to hal_fmc.o(.text) for [Anonymous Symbol]
    hal_gpio.o(.text) refers to aeabi_sdiv.o(.text) for __aeabi_uidiv
    hal_gpio.o(.ARM.exidx) refers to hal_gpio.o(.text) for [Anonymous Symbol]
    hal_pwr.o(.ARM.exidx) refers to hal_pwr.o(.text) for [Anonymous Symbol]
    hal_rcc.o(.text) refers to assert.o(.text) for __aeabi_assert
    hal_rcc.o(.text) refers to hal_rcc.o(.rodata.str1.1) for [Anonymous Symbol]
    hal_rcc.o(.ARM.exidx) refers to hal_rcc.o(.text) for [Anonymous Symbol]
    use_no_semi_2.o(.text) refers (Special) to use_no_semi.o(.text) for __use_no_semihosting_swi
    snprintf.o(.text) refers (Special) to _printf_a.o(.ARM.Collect$$_printf_percent$$00000006) for _printf_a
    snprintf.o(.text) refers (Special) to _printf_c.o(.ARM.Collect$$_printf_percent$$00000013) for _printf_c
    snprintf.o(.text) refers (Special) to _printf_charcount.o(.text) for _printf_charcount
    snprintf.o(.text) refers (Special) to _printf_d.o(.ARM.Collect$$_printf_percent$$00000009) for _printf_d
    snprintf.o(.text) refers (Special) to _printf_e.o(.ARM.Collect$$_printf_percent$$00000004) for _printf_e
    snprintf.o(.text) refers (Special) to _printf_f.o(.ARM.Collect$$_printf_percent$$00000003) for _printf_f
    snprintf.o(.text) refers (Special) to printf1.o(x$fpl$printf1) for _printf_fp_dec
    snprintf.o(.text) refers (Special) to printf2.o(x$fpl$printf2) for _printf_fp_hex
[...]
    .ARM.Collect$$libshutdown$$00000004      0x08000340   Section        0  libshutdown2.o(.ARM.Collect$$libshutdown$$00000004)
    .ARM.Collect$$libshutdown$$00000007      0x08000340   Section        0  libshutdown2.o(.ARM.Collect$$libshutdown$$00000007)
    .ARM.Collect$$libshutdown$$0000000A      0x08000340   Section        0  libshutdown2.o(.ARM.Collect$$libshutdown$$0000000A)
    .ARM.Collect$$libshutdown$$0000000C      0x08000340   Section        0  libshutdown2.o(.ARM.Collect$$libshutdown$$0000000C)
    .ARM.Collect$$libshutdown$$0000000F      0x08000340   Section        0  libshutdown2.o(.ARM.Collect$$libshutdown$$0000000F)
    .ARM.Collect$$libshutdown$$00000010      0x08000340   Section        2  libshutdown2.o(.ARM.Collect$$libshutdown$$00000010)
    .ARM.Collect$$rtentry$$00000000          0x08000342   Section        0  __rtentry.o(.ARM.Collect$$rtentry$$00000000)
    .ARM.Collect$$rtentry$$00000002          0x08000342   Section        0  __rtentry2.o(.ARM.Collect$$rtentry$$00000002)
    .ARM.Collect$$rtentry$$00000004          0x08000342   Section        6  __rtentry4.o(.ARM.Collect$$rtentry$$00000004)
    .ARM.Collect$$rtentry$$00000009          0x08000348   Section        0  __rtentry2.o(.ARM.Collect$$rtentry$$00000009)
    .ARM.Collect$$rtentry$$0000000A          0x08000348   Section        4  __rtentry2.o(.ARM.Collect$$rtentry$$0000000A)
    .ARM.Collect$$rtentry$$0000000C          0x0800034c   Section        0  __rtentry2.o(.ARM.Collect$$rtentry$$0000000C)
    .ARM.Collect$$rtentry$$0000000D          0x0800034c   Section        8  __rtentry2.o(.ARM.Collect$$rtentry$$0000000D)
    .ARM.Collect$$rtexit$$00000000           0x08000354   Section        2  rtexit.o(.ARM.Collect$$rtexit$$00000000)
    .ARM.Collect$$rtexit$$00000002           0x08000356   Section        0  rtexit2.o(.ARM.Collect$$rtexit$$00000002)
    .ARM.Collect$$rtexit$$00000003           0x08000356   Section        4  rtexit2.o(.ARM.Collect$$rtexit$$00000003)
    .ARM.Collect$$rtexit$$00000004           0x0800035a   Section        6  rtexit2.o(.ARM.Collect$$rtexit$$00000004)
    .emb_text                                0x08000360   Section       56  rand.o(.emb_text)
    .emb_text                                0x08000398   Section       56  rt_memcpy.o(.emb_text)
    [Anonymous Symbol]                       0x080003d0   Section        0  main.o(.text)
    [Anonymous Symbol]                       0x08000460   Section        0  button_state.o(.text)
    __arm_cp.0_0                             0x08000480   Number         4  button_state.o(.text)
    __arm_cp.0_1                             0x08000484   Number         4  button_state.o(.text)
    [Anonymous Symbol]                       0x08000488   Section        0  counter.o(.text)
    __arm_cp.1_0                             0x080004a8   Number         4  counter.o(.text)
    [Anonymous Symbol]                       0x080004ac   Section        0  display.o(.text)
    __arm_cp.1_0                             0x08000588   Number         4  display.o(.text)
    __arm_cp.1_1                             0x0800058c   Number         4  display.o(.text)
    __arm_cp.2_0                             0x080005ec   Number         4  display.o(.text)
    __arm_cp.2_1                             0x080005f0   Number         4  display.o(.text)
    __arm_cp.2_2                             0x080005f4   Number         4  display.o(.text)
    __arm_cp.2_3                             0x080005f8   Number         4  display.o(.text)
    __arm_cp.3_0                             0x08000650   Number         4  display.o(.text)
    __arm_cp.3_1                             0x08000654   Number         4  display.o(.text)
    __arm_cp.3_2                             0x08000658   Number         4  display.o(.text)
    [Anonymous Symbol]                       0x0800065c   Section        0  statistics.o(.text)
    __arm_cp.0_0                             0x08000678   Number         4  statistics.o(.text)
    __arm_cp.1_0                             0x080006ac   Number         4  statistics.o(.text)
    .text                                    0x080006b0   Section       40  datainit_ctboard.o(.text)
    .text                                    0x080006d8   Section       36  startup_ctboard.o(.text)
    [Anonymous Symbol]                       0x080006fc   Section        0  system_ctboard.o(.text)
    init_SystemClock                         0x08000719   Thumb Code   168  system_ctboard.o(.text)
    __arm_cp.2_0                             0x080007c0   Number         4  system_ctboard.o(.text)
    __arm_cp.2_1                             0x080007c4   Number         4  system_ctboard.o(.text)
    __arm_cp.2_2                             0x080007c8   Number         4  system_ctboard.o(.text)
    __arm_cp.2_3                             0x080007cc   Number         4  system_ctboard.o(.text)
    __arm_cp.2_4                             0x080007d0   Number         4  system_ctboard.o(.text)
    init_FPU                                 0x080007d5   Thumb Code     2  system_ctboard.o(.text)
    init_FMC_SRAM                            0x080007d9   Thumb Code   340  system_ctboard.o(.text)
    __arm_cp.4_0                             0x0800092c   Number         4  system_ctboard.o(.text)
    __arm_cp.4_1                             0x08000930   Number         4  system_ctboard.o(.text)
    __arm_cp.4_2                             0x08000934   Number         4  system_ctboard.o(.text)
    __arm_cp.4_3                             0x08000938   Number         4  system_ctboard.o(.text)
    __arm_cp.4_4                             0x0800093c   Number         4  system_ctboard.o(.text)
    __arm_cp.4_5                             0x08000940   Number         4  system_ctboard.o(.text)
    __arm_cp.4_6                             0x08000944   Number         4  system_ctboard.o(.text)
    __arm_cp.4_7                             0x08000948   Number         4  system_ctboard.o(.text)
    __arm_cp.4_8                             0x0800094c   Number         4  system_ctboard.o(.text)
    __arm_cp.4_9                             0x08000950   Number         4  system_ctboard.o(.text)
    init_LCD                                 0x08000955   Thumb Code    32  system_ctboard.o(.text)
    __arm_cp.5_0                             0x08000974   Number         4  system_ctboard.o(.text)
    [Anonymous Symbol]                       0x0800099c   Section        0  hal_ct_seg7.o(.text)
    __arm_cp.0_0                             0x08000aa4   Number         4  hal_ct_seg7.o(.text)
    __arm_cp.0_1                             0x08000aa8   Number         4  hal_ct_seg7.o(.text)
    __arm_cp.0_2                             0x08000aac   Number         4  hal_ct_seg7.o(.text)
    __arm_cp.0_3                             0x08000ab0   Number         4  hal_ct_seg7.o(.text)
    __arm_cp.0_4                             0x08000ab4   Number         4  hal_ct_seg7.o(.text)
    __arm_cp.0_5                             0x08000ab8   Number         4  hal_ct_seg7.o(.text)
    __arm_cp.1_0                             0x08000acc   Number         4  hal_ct_seg7.o(.text)
    __arm_cp.2_0                             0x08000ae8   Number         4  hal_ct_seg7.o(.text)
    __arm_cp.3_0                             0x08000af8   Number         4  hal_ct_seg7.o(.text)
    __arm_cp.4_0                             0x08000b14   Number         4  hal_ct_seg7.o(.text)
    __arm_cp.5_0                             0x08000b30   Number         4  hal_ct_seg7.o(.text)
    __arm_cp.7_0                             0x08000b9c   Number         4  hal_ct_seg7.o(.text)
    [Anonymous Symbol]                       0x08000ba0   Section        0  hal_fmc.o(.text)
    __arm_cp.0_0                             0x08000c64   Number         4  hal_fmc.o(.text)
    __arm_cp.0_1                             0x08000c68   Number         4  hal_fmc.o(.text)
    __arm_cp.0_2                             0x08000c6c   Number         4  hal_fmc.o(.text)
    __arm_cp.0_3                             0x08000c70   Number         4  hal_fmc.o(.text)
    __arm_cp.0_4                             0x08000c74   Number         4  hal_fmc.o(.text)
    __arm_cp.0_5                             0x08000c78   Number         4  hal_fmc.o(.text)
    __arm_cp.0_6                             0x08000c7c   Number         4  hal_fmc.o(.text)
    __arm_cp.0_7                             0x08000c80   Number         4  hal_fmc.o(.text)
    __arm_cp.0_8                             0x08000c84   Number         4  hal_fmc.o(.text)
    __arm_cp.0_9                             0x08000c88   Number         4  hal_fmc.o(.text)
    __arm_cp.0_10                            0x08000c8c   Number         4  hal_fmc.o(.text)
    __arm_cp.0_11                            0x08000c90   Number         4  hal_fmc.o(.text)
    __arm_cp.1_0                             0x08000f20   Number         4  hal_fmc.o(.text)
    __arm_cp.1_1                             0x08000f24   Number         4  hal_fmc.o(.text)
    __arm_cp.1_2                             0x08000f28   Number         4  hal_fmc.o(.text)
    __arm_cp.1_3                             0x08000f2c   Number         4  hal_fmc.o(.text)
    __arm_cp.1_4                             0x08000f30   Number         4  hal_fmc.o(.text)
    __arm_cp.1_5                             0x08000f34   Number         4  hal_fmc.o(.text)
    __arm_cp.1_6                             0x08000f38   Number         4  hal_fmc.o(.text)
    __arm_cp.1_7                             0x08000f3c   Number         4  hal_fmc.o(.text)
    __arm_cp.1_8                             0x08000f40   Number         4  hal_fmc.o(.text)
    [Anonymous Symbol]                       0x08000f44   Section        0  hal_gpio.o(.text)
    __arm_cp.0_0                             0x08000fb4   Number         4  hal_gpio.o(.text)
    __arm_cp.0_1                             0x08000fb8   Number         4  hal_gpio.o(.text)
    intercept_overwrite_register             0x08001039   Thumb Code    48  hal_gpio.o(.text)
    __arm_cp.2_0                             0x08001068   Number         4  hal_gpio.o(.text)
    __arm_cp.2_1                             0x0800106c   Number         4  hal_gpio.o(.text)
    __arm_cp.2_2                             0x08001070   Number         4  hal_gpio.o(.text)
    create_pattern_mask                      0x08001075   Thumb Code   156  hal_gpio.o(.text)
    __arm_cp.13_0                            0x08001724   Number         4  hal_gpio.o(.text)
    __arm_cp.13_1                            0x08001728   Number         4  hal_gpio.o(.text)
    __arm_cp.13_2                            0x0800172c   Number         4  hal_gpio.o(.text)
    __arm_cp.13_3                            0x08001730   Number         4  hal_gpio.o(.text)
    __arm_cp.13_4                            0x08001734   Number         4  hal_gpio.o(.text)
    __arm_cp.13_5                            0x08001738   Number         4  hal_gpio.o(.text)
    __arm_cp.13_6                            0x0800173c   Number         4  hal_gpio.o(.text)
    __arm_cp.13_7                            0x08001740   Number         4  hal_gpio.o(.text)
    __arm_cp.13_8                            0x08001744   Number         4  hal_gpio.o(.text)
    __arm_cp.13_9                            0x08001748   Number         4  hal_gpio.o(.text)
    __arm_cp.13_10                           0x0800174c   Number         4  hal_gpio.o(.text)
    __arm_cp.13_11                           0x08001750   Number         4  hal_gpio.o(.text)
    __arm_cp.13_12                           0x08001754   Number         4  hal_gpio.o(.text)
    get_syscfg_mask                          0x08001759   Thumb Code   232  hal_gpio.o(.text)
    __arm_cp.14_0                            0x08001840   Number         4  hal_gpio.o(.text)
    __arm_cp.14_1                            0x08001844   Number         4  hal_gpio.o(.text)
    __arm_cp.14_2                            0x08001848   Number         4  hal_gpio.o(.text)
    __arm_cp.14_3                            0x0800184c   Number         4  hal_gpio.o(.text)
    __arm_cp.14_4                            0x08001850   Number         4  hal_gpio.o(.text)
    __arm_cp.14_5                            0x08001854   Number         4  hal_gpio.o(.text)
    __arm_cp.14_6                            0x08001858   Number         4  hal_gpio.o(.text)
    __arm_cp.14_7                            0x0800185c   Number         4  hal_gpio.o(.text)
    __arm_cp.14_8                            0x08001860   Number         4  hal_gpio.o(.text)
    __arm_cp.14_9                            0x08001864   Number         4  hal_gpio.o(.text)
    __arm_cp.15_0                            0x080018a8   Number         4  hal_gpio.o(.text)
    __arm_cp.15_1                            0x080018ac   Number         4  hal_gpio.o(.text)
    __arm_cp.16_0                            0x080018c8   Number         4  hal_gpio.o(.text)
    [Anonymous Symbol]                       0x080018cc   Section        0  hal_pwr.o(.text)
    __arm_cp.0_0                             0x080018dc   Number         4  hal_pwr.o(.text)
    __arm_cp.0_1                             0x080018e0   Number         4  hal_pwr.o(.text)
    __arm_cp.1_0                             0x08001978   Number         4  hal_pwr.o(.text)
    __arm_cp.2_0                             0x080019a8   Number         4  hal_pwr.o(.text)
    __arm_cp.3_0                             0x080019d8   Number         4  hal_pwr.o(.text)
    __arm_cp.4_0                             0x08001a08   Number         4  hal_pwr.o(.text)
    [Anonymous Symbol]                       0x08001a24   Section        0  hal_rcc.o(.text)
    __arm_cp.0_0                             0x08001ab8   Number         4  hal_rcc.o(.text)
    __arm_cp.0_1                             0x08001abc   Number         4  hal_rcc.o(.text)
    __arm_cp.0_2                             0x08001ac0   Number         4  hal_rcc.o(.text)
    __arm_cp.0_3                             0x08001ac4   Number         4  hal_rcc.o(.text)
    __arm_cp.0_4                             0x08001ac8   Number         4  hal_rcc.o(.text)
    __arm_cp.0_5                             0x08001acc   Number         4  hal_rcc.o(.text)
    __arm_cp.0_6                             0x08001ad0   Number         4  hal_rcc.o(.text)
    __arm_cp.0_7                             0x08001ad4   Number         4  hal_rcc.o(.text)
    __arm_cp.0_8                             0x08001ad8   Number         4  hal_rcc.o(.text)
    __arm_cp.0_9                             0x08001adc   Number         4  hal_rcc.o(.text)
    __arm_cp.0_10                            0x08001ae0   Number         4  hal_rcc.o(.text)
    __arm_cp.0_11                            0x08001ae4   Number         4  hal_rcc.o(.text)
    __arm_cp.0_12                            0x08001ae8   Number         4  hal_rcc.o(.text)
    __arm_cp.0_13                            0x08001aec   Number         4  hal_rcc.o(.text)
    __arm_cp.0_14                            0x08001af0   Number         4  hal_rcc.o(.text)
    __arm_cp.0_15                            0x08001af4   Number         4  hal_rcc.o(.text)
    __arm_cp.0_16                            0x08001af8   Number         4  hal_rcc.o(.text)
    __arm_cp.0_17                            0x08001afc   Number         4  hal_rcc.o(.text)
    __arm_cp.0_18                            0x08001b00   Number         4  hal_rcc.o(.text)
    __arm_cp.0_19                            0x08001b04   Number         4  hal_rcc.o(.text)
    __arm_cp.0_20                            0x08001b08   Number         4  hal_rcc.o(.text)
    __arm_cp.0_21                            0x08001b0c   Number         4  hal_rcc.o(.text)
    __arm_cp.0_22                            0x08001b10   Number         4  hal_rcc.o(.text)
    __arm_cp.0_23                            0x08001b14   Number         4  hal_rcc.o(.text)
    __arm_cp.0_24                            0x08001b18   Number         4  hal_rcc.o(.text)
    __arm_cp.0_25                            0x08001b1c   Number         4  hal_rcc.o(.text)
    __arm_cp.0_26                            0x08001b20   Number         4  hal_rcc.o(.text)
    __arm_cp.0_27                            0x08001b24   Number         4  hal_rcc.o(.text)
    __arm_cp.0_28                            0x08001b28   Number         4  hal_rcc.o(.text)
    __arm_cp.0_29                            0x08001b2c   Number         4  hal_rcc.o(.text)
    __arm_cp.0_30                            0x08001b30   Number         4  hal_rcc.o(.text)
    __arm_cp.0_31                            0x08001b34   Number         4  hal_rcc.o(.text)
    __arm_cp.1_0                             0x08001d04   Number         4  hal_rcc.o(.text)
    __arm_cp.1_1                             0x08001d08   Number         4  hal_rcc.o(.text)
    __arm_cp.1_2                             0x08001d0c   Number         4  hal_rcc.o(.text)
    __arm_cp.1_3                             0x08001d10   Number         4  hal_rcc.o(.text)
    __arm_cp.1_4                             0x08001d14   Number         4  hal_rcc.o(.text)
    __arm_cp.1_5                             0x08001d18   Number         4  hal_rcc.o(.text)
    __arm_cp.2_0                             0x08001e0c   Number         4  hal_rcc.o(.text)
    __arm_cp.2_1                             0x08001e10   Number         4  hal_rcc.o(.text)
    __arm_cp.2_2                             0x08001e14   Number         4  hal_rcc.o(.text)
    __arm_cp.3_0                             0x08002038   Number         4  hal_rcc.o(.text)
    __arm_cp.3_1                             0x0800203c   Number         4  hal_rcc.o(.text)
    __arm_cp.3_2                             0x08002040   Number         4  hal_rcc.o(.text)
    __arm_cp.3_3                             0x08002044   Number         4  hal_rcc.o(.text)
    __arm_cp.3_4                             0x08002048   Number         4  hal_rcc.o(.text)
    __arm_cp.3_5                             0x0800204c   Number         4  hal_rcc.o(.text)
    __arm_cp.3_6                             0x08002050   Number         4  hal_rcc.o(.text)
    __arm_cp.3_7                             0x08002054   Number         4  hal_rcc.o(.text)
    __arm_cp.4_0                             0x080021cc   Number         4  hal_rcc.o(.text)
    __arm_cp.4_1                             0x080021d0   Number         4  hal_rcc.o(.text)
    __arm_cp.4_2                             0x080021d4   Number         4  hal_rcc.o(.text)
    __arm_cp.4_3                             0x080021d8   Number         4  hal_rcc.o(.text)
    .text                                    0x080021dc   Section        2  use_no_semi_2.o(.text)
    .text                                    0x080021e0   Section        0  snprintf.o(.text)
    .text                                    0x08002220   Section        0  rand.o(.text)
    .text                                    0x0800225c   Section        0  assert.o(.text)
    .text                                    0x080022d8   Section        0  rt_memcpy.o(.text)
    .text                                    0x0800235c   Section      364  aeabi_sdiv.o(.text)
    .text                                    0x080024c8   Section        2  use_no_semi.o(.text)
    .text                                    0x080024ca   Section        0  _printf_pad.o(.text)
    .text                                    0x08002518   Section        0  _printf_truncate.o(.text)
    .text                                    0x0800253c   Section        0  _printf_str.o(.text)
    .text                                    0x08002590   Section        0  _printf_dec.o(.text)
    .text                                    0x080025fc   Section        0  _printf_charcount.o(.text)
    _printf_input_char                       0x08002625   Thumb Code    10  _printf_char_common.o(.text)
    .text                                    0x08002624   Section        0  _printf_char_common.o(.text)
    .text                                    0x08002654   Section        0  _snputc.o(.text)
    .text                                    0x08002664   Section        0  _printf_wctomb.o(.text)
    .text                                    0x08002720   Section        0  _printf_longlong_dec.o(.text)
    _printf_longlong_oct_internal            0x08002791   Thumb Code     0  _printf_oct_int_ll.o(.text)
    .text                                    0x08002790   Section        0  _printf_oct_int_ll.o(.text)
    _printf_hex_common                       0x08002801   Thumb Code     0  _printf_hex_int_ll_ptr.o(.text)
    .text                                    0x08002800   Section        0  _printf_hex_int_ll_ptr.o(.text)
    .text                                    0x08002898   Section        0  __printf_flags_ss_wp.o(.text)
    .text                                    0x08002a20   Section        0  abort.o(.text)
    .text                                    0x08002a34   Section        0  assert_puts.o(.text)
    .text                                    0x08002a48   Section        0  lludiv10.o(.text)
    .text                                    0x08002ac2   Section        0  _printf_intcommon.o(.text)
    _fp_digits                               0x08002b75   Thumb Code   412  _printf_fp_dec.o(.text)
    .text                                    0x08002b74   Section        0  _printf_fp_dec.o(.text)
    .text                                    0x08002f88   Section        0  _printf_fp_hex.o(.text)
    .text                                    0x08003260   Section        0  _printf_char.o(.text)
    .text                                    0x0800328e   Section        0  _printf_wchar.o(.text)
    .text                                    0x080032bc   Section        0  _c32rtomb.o(.text)
    .text                                    0x080032fe   Section        0  defsig_abrt_outer.o(.text)
    .text                                    0x0800330a   Section        0  rtudiv10.o(.text)
    .text                                    0x08003334   Section       16  rt_ctype_table.o(.text)
    .text                                    0x08003344   Section        8  rt_locale.o(.text)
    .text                                    0x0800334c   Section        0  _printf_fp_infnan.o(.text)
    .text                                    0x080033d4   Section        0  bigflt0.o(.text)
    .text                                    0x080034ac   Section        0  btod.o(.text)
    btod_internal_mul                        0x080034ed   Thumb Code   492  btod.o(.text)
    btod_internal_div                        0x080036d9   Thumb Code   520  btod.o(.text)
    .text                                    0x08003a2c   Section        0  exit.o(.text)
    .text                                    0x08003a3c   Section        0  defsig_exit.o(.text)
    .text                                    0x08003a48   Section        0  defsig_abrt_inner.o(.text)
    .text                                    0x08003a78   Section        0  defsig_general.o(.text)
    .text                                    0x08003aac   Section        0  strcmp.o(.text)
    i.__ARM_common_ll_muluu                  0x08003b34   Section        0  btod.o(i.__ARM_common_ll_muluu)
    i.__ARM_fpclassify                       0x08003b64   Section        0  fpclassify.o(i.__ARM_fpclassify)
    i._is_digit                              0x08003b90   Section        0  __printf_wp.o(i._is_digit)
    locale$$code                             0x08003ba0   Section       44  lc_numeric_c.o(locale$$code)
    locale$$code                             0x08003bcc   Section       44  lc_ctype_c.o(locale$$code)
    x$fpl$printf1                            0x08003bf8   Section       16  printf1.o(x$fpl$printf1)
    x$fpl$printf2                            0x08003c08   Section       16  printf2.o(x$fpl$printf2)
    initial_mbstate                          0x08003c18   Data           8  _printf_wctomb.o(.constdata)
    .constdata                               0x08003c18   Section        8  _printf_wctomb.o(.constdata)
    x$fpl$usenofp                            0x08003c18   Section        0  usenofp.o(x$fpl$usenofp)
    uc_hextab                                0x08003c20   Data          20  _printf_hex_int_ll_ptr.o(.constdata)
    .constdata                               0x08003c20   Section       40  _printf_hex_int_ll_ptr.o(.constdata)
    lc_hextab                                0x08003c34   Data          20  _printf_hex_int_ll_ptr.o(.constdata)
    maptable                                 0x08003c48   Data          17  __printf_flags_ss_wp.o(.constdata)
    .constdata                               0x08003c48   Section       17  __printf_flags_ss_wp.o(.constdata)
    lc_hextab                                0x08003c59   Data          19  _printf_fp_hex.o(.constdata)
    .constdata                               0x08003c59   Section       38  _printf_fp_hex.o(.constdata)
    uc_hextab                                0x08003c6c   Data          19  _printf_fp_hex.o(.constdata)
    tenpwrs_x                                0x08003c80   Data          60  bigflt0.o(.constdata)
    .constdata                               0x08003c80   Section      148  bigflt0.o(.constdata)
    tenpwrs_i                                0x08003cbc   Data          64  bigflt0.o(.constdata)
    [Anonymous Symbol]                       0x08003d14   Section        0  display.o(.rodata..L__const.display_write_total.buffer)
    hal_ct_seg7_get_seg7.conv_tab            0x08003d28   Data          16  hal_ct_seg7.o(.rodata.hal_ct_seg7_get_seg7.conv_tab)
    [Anonymous Symbol]                       0x08003d28   Section        0  hal_ct_seg7.o(.rodata.hal_ct_seg7_get_seg7.conv_tab)
    [Anonymous Symbol]                       0x08003d38   Section        0  display.o(.rodata.str1.1)
    [Anonymous Symbol]                       0x08003d48   Section        0  hal_ct_seg7.o(.rodata.str1.1)
    [Anonymous Symbol]                       0x08003de4   Section        0  hal_fmc.o(.rodata.str1.1)
    [Anonymous Symbol]                       0x08003e7c   Section        0  hal_rcc.o(.rodata.str1.1)
    locale$$data                             0x0800400c   Section       28  lc_numeric_c.o(locale$$data)
    __lcnum_c_name                           0x08004010   Data           2  lc_numeric_c.o(locale$$data)
    __lcnum_c_start                          0x08004018   Data           0  lc_numeric_c.o(locale$$data)
    __lcnum_c_point                          0x08004024   Data           0  lc_numeric_c.o(locale$$data)
    __lcnum_c_thousands                      0x08004026   Data           0  lc_numeric_c.o(locale$$data)
    __lcnum_c_grouping                       0x08004027   Data           0  lc_numeric_c.o(locale$$data)
    __lcnum_c_end                            0x08004028   Data           0  lc_numeric_c.o(locale$$data)
    locale$$data                             0x08004028   Section      272  lc_ctype_c.o(locale$$data)
    __lcctype_c_name                         0x0800402c   Data           2  lc_ctype_c.o(locale$$data)
    __lcctype_c_start                        0x08004034   Data           0  lc_ctype_c.o(locale$$data)
    __lcctype_c_end                          0x08004138   Data           0  lc_ctype_c.o(locale$$data)
    dice_counter                             0x20000000   Data           1  counter.o(.data.dice_counter)
    [Anonymous Symbol]                       0x20000000   Section        0  counter.o(.data.dice_counter)
    .bss                                     0x20000008   Section      228  rand.o(.bss)
    __rt_locale_data                         0x200000ec   Data          20  rt_locale.o(.bss)
    .bss                                     0x200000ec   Section       20  rt_locale.o(.bss)
    last_button_state                        0x20000100   Data           1  button_state.o(.bss.last_button_state)
    [Anonymous Symbol]                       0x20000100   Section        0  button_state.o(.bss.last_button_state)
    nr_of_throws                             0x20000101   Data           7  statistics.o(.bss.nr_of_throws)
    [Anonymous Symbol]                       0x20000101   Section        0  statistics.o(.bss.nr_of_throws)
    STACK                                    0x20000108   Section     8192  startup_ctboard.o(STACK)
    __initial_sp                             0x20002108   Data           0  startup_ctboard.o(STACK)

    Global Symbols

    Symbol Name                              Value     Ov Type        Size  Object(Section)

    BuildAttributes$$THM_ISAv3M$S$PE$A:L22$X:L11$S22$IEEE1$IW$~IW$USESV6$~STKCKD$USESV7$WCHAR32$ENUMINT$~SHL$OTIME$ROPI$IEEEJ$EBA8$UX$STANDARDLIB$REQ8$PRES8$EABIv2 0x00000000   Number         0  anon$$obj.o ABSOLUTE
    _printf_flags                            0x00000000   Number         0  printf_stubs.o ABSOLUTE
    _printf_return_value                     0x00000000   Number         0  printf_stubs.o ABSOLUTE
    _printf_sizespec                         0x00000000   Number         0  printf_stubs.o ABSOLUTE
    _printf_widthprec                        0x00000000   Number         0  printf_stubs.o ABSOLUTE
    __ARM_exceptions_init                     - Undefined Weak Reference
    __alloca_initialize                       - Undefined Weak Reference
    __arm_preinit_                            - Undefined Weak Reference
    __arm_relocate_pie_                       - Undefined Weak Reference
    __cpp_initialize__aeabi_                  - Undefined Weak Reference
    __cxa_finalize                            - Undefined Weak Reference
    __scatterload_null                        - Undefined Reference
    __sigvec_lookup                           - Undefined Weak Reference
    _atexit_init                              - Undefined Weak Reference
    _call_atexit_fns                          - Undefined Weak Reference
    _clock_init                               - Undefined Weak Reference
    _fp_trap_init                             - Undefined Weak Reference
    _fp_trap_shutdown                         - Undefined Weak Reference
    _get_lc_collate                           - Undefined Weak Reference
    _get_lc_monetary                          - Undefined Weak Reference
    _get_lc_time                              - Undefined Weak Reference
    _getenv_init                              - Undefined Weak Reference
    _handle_redirection                       - Undefined Weak Reference
    _init_alloc                               - Undefined Weak Reference
    _init_user_alloc                          - Undefined Weak Reference
    _initio                                   - Undefined Weak Reference
    _printf_mbtowc                            - Undefined Weak Reference
    _printf_wc                                - Undefined Weak Reference
    _signal_finish                            - Undefined Weak Reference
    _signal_init                              - Undefined Weak Reference
    _terminate_alloc                          - Undefined Weak Reference
    _terminate_user_alloc                     - Undefined Weak Reference
    _terminateio                              - Undefined Weak Reference
    __Vectors_Size                           0x000001ac   Number         0  startup_ctboard.o ABSOLUTE
    Stack_Size                               0x00002000   Number         0  startup_ctboard.o ABSOLUTE
    __Vectors                                0x08000000   Data           4  startup_ctboard.o(RESET)
    __Vectors_End                            0x080001ac   Data           0  startup_ctboard.o(RESET)
    __scatterload                            0x080001ad   Thumb Code     0  __scatter.o(!!!scatter)
    __scatterload_rt2                        0x080001ad   Thumb Code    74  __scatter.o(!!!scatter)
    __scatterload_rt2_thumb_only             0x080001ad   Thumb Code     0  __scatter.o(!!!scatter)
    __scatterload_loop                       0x080001b7   Thumb Code     0  __scatter.o(!!!scatter)
    __scatterload_copy                       0x08000201   Thumb Code    26  __scatter_copy.o(!!handler_copy)
    __scatterload_zeroinit                   0x0800021d   Thumb Code    28  __scatter_zi.o(!!handler_zi)
    _printf_percent                          0x08000239   Thumb Code     0  _printf_percent.o(.ARM.Collect$$_printf_percent$$00000000)
    _printf_n                                0x0800023b   Thumb Code     0  _printf_n.o(.ARM.Collect$$_printf_percent$$00000001)
    _printf_p                                0x08000245   Thumb Code     0  _printf_p.o(.ARM.Collect$$_printf_percent$$00000002)
    _printf_f                                0x0800024f   Thumb Code     0  _printf_f.o(.ARM.Collect$$_printf_percent$$00000003)
    _printf_e                                0x08000259   Thumb Code     0  _printf_e.o(.ARM.Collect$$_printf_percent$$00000004)
    _printf_g                                0x08000263   Thumb Code     0  _printf_g.o(.ARM.Collect$$_printf_percent$$00000005)
    _printf_a                                0x0800026d   Thumb Code     0  _printf_a.o(.ARM.Collect$$_printf_percent$$00000006)
    _printf_ll                               0x08000277   Thumb Code     0  _printf_ll.o(.ARM.Collect$$_printf_percent$$00000007)
    _printf_i                                0x08000281   Thumb Code     0  _printf_i.o(.ARM.Collect$$_printf_percent$$00000008)
    _printf_d                                0x0800028b   Thumb Code     0  _printf_d.o(.ARM.Collect$$_printf_percent$$00000009)
    _printf_u                                0x08000295   Thumb Code     0  _printf_u.o(.ARM.Collect$$_printf_percent$$0000000A)
    _printf_o                                0x0800029f   Thumb Code     0  _printf_o.o(.ARM.Collect$$_printf_percent$$0000000B)
    _printf_x                                0x080002a9   Thumb Code     0  _printf_x.o(.ARM.Collect$$_printf_percent$$0000000C)
    _printf_lli                              0x080002b3   Thumb Code     0  _printf_lli.o(.ARM.Collect$$_printf_percent$$0000000D)
    _printf_lld                              0x080002bd   Thumb Code     0  _printf_lld.o(.ARM.Collect$$_printf_percent$$0000000E)
    _printf_llu                              0x080002c7   Thumb Code     0  _printf_llu.o(.ARM.Collect$$_printf_percent$$0000000F)
    _printf_llo                              0x080002d1   Thumb Code     0  _printf_llo.o(.ARM.Collect$$_printf_percent$$00000010)
    _printf_llx                              0x080002db   Thumb Code     0  _printf_llx.o(.ARM.Collect$$_printf_percent$$00000011)
    _printf_l                                0x080002e5   Thumb Code     0  _printf_l.o(.ARM.Collect$$_printf_percent$$00000012)
    _printf_c                                0x080002ef   Thumb Code     0  _printf_c.o(.ARM.Collect$$_printf_percent$$00000013)
    _printf_s                                0x080002f9   Thumb Code     0  _printf_s.o(.ARM.Collect$$_printf_percent$$00000014)
    _printf_lc                               0x08000303   Thumb Code     0  _printf_lc.o(.ARM.Collect$$_printf_percent$$00000015)
    _printf_ls                               0x0800030d   Thumb Code     0  _printf_ls.o(.ARM.Collect$$_printf_percent$$00000016)
    _printf_percent_end                      0x08000317   Thumb Code     0  _printf_percent_end.o(.ARM.Collect$$_printf_percent$$00000017)
    __rt_lib_init                            0x0800031b   Thumb Code     0  libinit.o(.ARM.Collect$$libinit$$00000000)
    __rt_lib_init_fp_1                       0x0800031d   Thumb Code     0  libinit2.o(.ARM.Collect$$libinit$$00000002)
    __rt_lib_init_heap_1                     0x0800031d   Thumb Code     0  libinit2.o(.ARM.Collect$$libinit$$0000000C)
    __rt_lib_init_preinit_1                  0x0800031d   Thumb Code     0  libinit2.o(.ARM.Collect$$libinit$$00000006)
    __rt_lib_init_rand_2                     0x0800031d   Thumb Code     0  libinit2.o(.ARM.Collect$$libinit$$0000000F)
    __rt_lib_init_relocate_pie_1             0x0800031d   Thumb Code     0  libinit2.o(.ARM.Collect$$libinit$$00000004)
    __rt_lib_init_user_alloc_1               0x0800031d   Thumb Code     0  libinit2.o(.ARM.Collect$$libinit$$0000000E)
    __rt_lib_init_lc_common                  0x08000321   Thumb Code     0  libinit2.o(.ARM.Collect$$libinit$$00000011)
    __rt_lib_init_rand_1                     0x08000321   Thumb Code     0  libinit2.o(.ARM.Collect$$libinit$$00000010)
    __rt_lib_init_lc_collate_1               0x08000327   Thumb Code     0  libinit2.o(.ARM.Collect$$libinit$$00000013)
    __rt_lib_init_lc_ctype_2                 0x08000327   Thumb Code     0  libinit2.o(.ARM.Collect$$libinit$$00000014)
    __rt_lib_init_lc_ctype_1                 0x08000333   Thumb Code     0  libinit2.o(.ARM.Collect$$libinit$$00000015)
    __rt_lib_init_lc_monetary_1              0x08000333   Thumb Code     0  libinit2.o(.ARM.Collect$$libinit$$00000017)
    __rt_lib_init_lc_numeric_2               0x08000333   Thumb Code     0  libinit2.o(.ARM.Collect$$libinit$$00000018)
    __rt_lib_init_alloca_1                   0x0800033d   Thumb Code     0  libinit2.o(.ARM.Collect$$libinit$$00000030)
    __rt_lib_init_argv_1                     0x0800033d   Thumb Code     0  libinit2.o(.ARM.Collect$$libinit$$0000002E)
    __rt_lib_init_atexit_1                   0x0800033d   Thumb Code     0  libinit2.o(.ARM.Collect$$libinit$$0000001D)
    __rt_lib_init_clock_1                    0x0800033d   Thumb Code     0  libinit2.o(.ARM.Collect$$libinit$$00000023)
    __rt_lib_init_cpp_1                      0x0800033d   Thumb Code     0  libinit2.o(.ARM.Collect$$libinit$$00000034)
    __rt_lib_init_exceptions_1               0x0800033d   Thumb Code     0  libinit2.o(.ARM.Collect$$libinit$$00000032)
    __rt_lib_init_fp_trap_1                  0x0800033d   Thumb Code     0  libinit2.o(.ARM.Collect$$libinit$$00000021)
    __rt_lib_init_getenv_1                   0x0800033d   Thumb Code     0  libinit2.o(.ARM.Collect$$libinit$$00000025)
    __rt_lib_init_lc_numeric_1               0x0800033d   Thumb Code     0  libinit2.o(.ARM.Collect$$libinit$$00000019)
    __rt_lib_init_lc_time_1                  0x0800033d   Thumb Code     0  libinit2.o(.ARM.Collect$$libinit$$0000001B)
    __rt_lib_init_return                     0x0800033d   Thumb Code     0  libinit2.o(.ARM.Collect$$libinit$$00000035)
    __rt_lib_init_signal_1                   0x0800033d   Thumb Code     0  libinit2.o(.ARM.Collect$$libinit$$0000001F)
    __rt_lib_init_stdio_1                    0x0800033d   Thumb Code     0  libinit2.o(.ARM.Collect$$libinit$$00000027)
    __rt_lib_shutdown                        0x0800033f   Thumb Code     0  libshutdown.o(.ARM.Collect$$libshutdown$$00000000)
    __rt_lib_shutdown_cpp_1                  0x08000341   Thumb Code     0  libshutdown2.o(.ARM.Collect$$libshutdown$$00000002)
    __rt_lib_shutdown_fp_trap_1              0x08000341   Thumb Code     0  libshutdown2.o(.ARM.Collect$$libshutdown$$00000007)
    __rt_lib_shutdown_heap_1                 0x08000341   Thumb Code     0  libshutdown2.o(.ARM.Collect$$libshutdown$$0000000F)
    __rt_lib_shutdown_return                 0x08000341   Thumb Code     0  libshutdown2.o(.ARM.Collect$$libshutdown$$00000010)
    __rt_lib_shutdown_signal_1               0x08000341   Thumb Code     0  libshutdown2.o(.ARM.Collect$$libshutdown$$0000000A)
    __rt_lib_shutdown_stdio_1                0x08000341   Thumb Code     0  libshutdown2.o(.ARM.Collect$$libshutdown$$00000004)
    __rt_lib_shutdown_user_alloc_1           0x08000341   Thumb Code     0  libshutdown2.o(.ARM.Collect$$libshutdown$$0000000C)
    __rt_entry                               0x08000343   Thumb Code     0  __rtentry.o(.ARM.Collect$$rtentry$$00000000)
    __rt_entry_presh_1                       0x08000343   Thumb Code     0  __rtentry2.o(.ARM.Collect$$rtentry$$00000002)
    __rt_entry_sh                            0x08000343   Thumb Code     0  __rtentry4.o(.ARM.Collect$$rtentry$$00000004)
    __rt_entry_li                            0x08000349   Thumb Code     0  __rtentry2.o(.ARM.Collect$$rtentry$$0000000A)
    __rt_entry_postsh_1                      0x08000349   Thumb Code     0  __rtentry2.o(.ARM.Collect$$rtentry$$00000009)
    __rt_entry_main                          0x0800034d   Thumb Code     0  __rtentry2.o(.ARM.Collect$$rtentry$$0000000D)
    __rt_entry_postli_1                      0x0800034d   Thumb Code     0  __rtentry2.o(.ARM.Collect$$rtentry$$0000000C)
    __rt_exit                                0x08000355   Thumb Code     0  rtexit.o(.ARM.Collect$$rtexit$$00000000)
    __rt_exit_ls                             0x08000357   Thumb Code     0  rtexit2.o(.ARM.Collect$$rtexit$$00000003)
    __rt_exit_prels_1                        0x08000357   Thumb Code     0  rtexit2.o(.ARM.Collect$$rtexit$$00000002)
    __rt_exit_exit                           0x0800035b   Thumb Code     0  rtexit2.o(.ARM.Collect$$rtexit$$00000004)
    rand                                     0x08000361   Thumb Code    52  rand.o(.emb_text)
    __aeabi_memcpy4                          0x08000399   Thumb Code    56  rt_memcpy.o(.emb_text)
    __aeabi_memcpy8                          0x08000399   Thumb Code     0  rt_memcpy.o(.emb_text)
    main                                     0x080003d1   Thumb Code   144  main.o(.text)
    button_state_eval                        0x08000461   Thumb Code    32  button_state.o(.text)
    counter_read                             0x08000489   Thumb Code    18  counter.o(.text)
    counter_increment                        0x0800049d   Thumb Code    12  counter.o(.text)
    display_write_throw                      0x080004ad   Thumb Code    20  display.o(.text)
    display_write_value                      0x080004c1   Thumb Code   200  display.o(.text)
    display_clear                            0x08000591   Thumb Code    92  display.o(.text)
    display_write_total                      0x080005fd   Thumb Code    84  display.o(.text)
    statistics_add_throw                     0x0800065d   Thumb Code    28  statistics.o(.text)
    statistics_read                          0x0800067d   Thumb Code    48  statistics.o(.text)
    __main                                   0x080006b1   Thumb Code     8  datainit_ctboard.o(.text)
    __user_setup_stackheap                   0x080006b9   Thumb Code    16  datainit_ctboard.o(.text)
    Reset_Handler                            0x080006d9   Thumb Code     8  startup_ctboard.o(.text)
    NMI_Handler                              0x080006e1   Thumb Code     2  startup_ctboard.o(.text)
    HardFault_Handler                        0x080006e3   Thumb Code     2  startup_ctboard.o(.text)
    MemManage_Handler                        0x080006e5   Thumb Code     2  startup_ctboard.o(.text)
    BusFault_Handler                         0x080006e7   Thumb Code     2  startup_ctboard.o(.text)
    UsageFault_Handler                       0x080006e9   Thumb Code     2  startup_ctboard.o(.text)
    SVC_Handler                              0x080006eb   Thumb Code     2  startup_ctboard.o(.text)
    DebugMon_Handler                         0x080006ed   Thumb Code     2  startup_ctboard.o(.text)
    PendSV_Handler                           0x080006ef   Thumb Code     2  startup_ctboard.o(.text)
    SysTick_Handler                          0x080006f1   Thumb Code     2  startup_ctboard.o(.text)
    ADC_IRQHandler                           0x080006f3   Thumb Code     0  startup_ctboard.o(.text)
    CAN1_RX0_IRQHandler                      0x080006f3   Thumb Code     0  startup_ctboard.o(.text)
    CAN1_RX1_IRQHandler                      0x080006f3   Thumb Code     0  startup_ctboard.o(.text)
    CAN1_SCE_IRQHandler                      0x080006f3   Thumb Code     0  startup_ctboard.o(.text)
    CAN1_TX_IRQHandler                       0x080006f3   Thumb Code     0  startup_ctboard.o(.text)
    CAN2_RX0_IRQHandler                      0x080006f3   Thumb Code     0  startup_ctboard.o(.text)
    CAN2_RX1_IRQHandler                      0x080006f3   Thumb Code     0  startup_ctboard.o(.text)
    CAN2_SCE_IRQHandler                      0x080006f3   Thumb Code     0  startup_ctboard.o(.text)
    CAN2_TX_IRQHandler                       0x080006f3   Thumb Code     0  startup_ctboard.o(.text)
    CRYP_IRQHandler                          0x080006f3   Thumb Code     0  startup_ctboard.o(.text)
    DCMI_IRQHandler                          0x080006f3   Thumb Code     0  startup_ctboard.o(.text)
    DMA1_Stream0_IRQHandler                  0x080006f3   Thumb Code     0  startup_ctboard.o(.text)
    DMA1_Stream1_IRQHandler                  0x080006f3   Thumb Code     0  startup_ctboard.o(.text)
    DMA1_Stream2_IRQHandler                  0x080006f3   Thumb Code     0  startup_ctboard.o(.text)
    DMA1_Stream3_IRQHandler                  0x080006f3   Thumb Code     0  startup_ctboard.o(.text)
    DMA1_Stream4_IRQHandler                  0x080006f3   Thumb Code     0  startup_ctboard.o(.text)
    DMA1_Stream5_IRQHandler                  0x080006f3   Thumb Code     0  startup_ctboard.o(.text)
    DMA1_Stream6_IRQHandler                  0x080006f3   Thumb Code     0  startup_ctboard.o(.text)
    DMA1_Stream7_IRQHandler                  0x080006f3   Thumb Code     0  startup_ctboard.o(.text)
    DMA2D_IRQHandler                         0x080006f3   Thumb Code     0  startup_ctboard.o(.text)
    DMA2_Stream0_IRQHandler                  0x080006f3   Thumb Code     0  startup_ctboard.o(.text)
    DMA2_Stream1_IRQHandler                  0x080006f3   Thumb Code     0  startup_ctboard.o(.text)
    DMA2_Stream2_IRQHandler                  0x080006f3   Thumb Code     0  startup_ctboard.o(.text)
    DMA2_Stream3_IRQHandler                  0x080006f3   Thumb Code     0  startup_ctboard.o(.text)
    DMA2_Stream4_IRQHandler                  0x080006f3   Thumb Code     0  startup_ctboard.o(.text)
    DMA2_Stream5_IRQHandler                  0x080006f3   Thumb Code     0  startup_ctboard.o(.text)
    DMA2_Stream6_IRQHandler                  0x080006f3   Thumb Code     0  startup_ctboard.o(.text)
    DMA2_Stream7_IRQHandler                  0x080006f3   Thumb Code     0  startup_ctboard.o(.text)
    ETH_IRQHandler                           0x080006f3   Thumb Code     0  startup_ctboard.o(.text)
    ETH_WKUP_IRQHandler                      0x080006f3   Thumb Code     0  startup_ctboard.o(.text)
    EXTI0_IRQHandler                         0x080006f3   Thumb Code     0  startup_ctboard.o(.text)
    EXTI15_10_IRQHandler                     0x080006f3   Thumb Code     0  startup_ctboard.o(.text)
    EXTI1_IRQHandler                         0x080006f3   Thumb Code     0  startup_ctboard.o(.text)
    EXTI2_IRQHandler                         0x080006f3   Thumb Code     0  startup_ctboard.o(.text)
    EXTI3_IRQHandler                         0x080006f3   Thumb Code     0  startup_ctboard.o(.text)
    EXTI4_IRQHandler                         0x080006f3   Thumb Code     0  startup_ctboard.o(.text)
    EXTI9_5_IRQHandler                       0x080006f3   Thumb Code     0  startup_ctboard.o(.text)
    FLASH_IRQHandler                         0x080006f3   Thumb Code     0  startup_ctboard.o(.text)
    FMC_IRQHandler                           0x080006f3   Thumb Code     0  startup_ctboard.o(.text)
    FPU_IRQHandler                           0x080006f3   Thumb Code     0  startup_ctboard.o(.text)
    HASH_RNG_IRQHandler                      0x080006f3   Thumb Code     0  startup_ctboard.o(.text)
    I2C1_ER_IRQHandler                       0x080006f3   Thumb Code     0  startup_ctboard.o(.text)
    I2C1_EV_IRQHandler                       0x080006f3   Thumb Code     0  startup_ctboard.o(.text)
    I2C2_ER_IRQHandler                       0x080006f3   Thumb Code     0  startup_ctboard.o(.text)
    I2C2_EV_IRQHandler                       0x080006f3   Thumb Code     0  startup_ctboard.o(.text)
    I2C3_ER_IRQHandler                       0x080006f3   Thumb Code     0  startup_ctboard.o(.text)
    I2C3_EV_IRQHandler                       0x080006f3   Thumb Code     0  startup_ctboard.o(.text)
    LTDC_ER_IRQHandler                       0x080006f3   Thumb Code     0  startup_ctboard.o(.text)
    LTDC_IRQHandler                          0x080006f3   Thumb Code     0  startup_ctboard.o(.text)
    OTG_FS_IRQHandler                        0x080006f3   Thumb Code     0  startup_ctboard.o(.text)
    OTG_FS_WKUP_IRQHandler                   0x080006f3   Thumb Code     0  startup_ctboard.o(.text)
    OTG_HS_EP1_IN_IRQHandler                 0x080006f3   Thumb Code     0  startup_ctboard.o(.text)
    OTG_HS_EP1_OUT_IRQHandler                0x080006f3   Thumb Code     0  startup_ctboard.o(.text)
    OTG_HS_IRQHandler                        0x080006f3   Thumb Code     0  startup_ctboard.o(.text)
    OTG_HS_WKUP_IRQHandler                   0x080006f3   Thumb Code     0  startup_ctboard.o(.text)
    PVD_IRQHandler                           0x080006f3   Thumb Code     0  startup_ctboard.o(.text)
    RCC_IRQHandler                           0x080006f3   Thumb Code     0  startup_ctboard.o(.text)
    RTC_Alarm_IRQHandler                     0x080006f3   Thumb Code     0  startup_ctboard.o(.text)
    RTC_WKUP_IRQHandler                      0x080006f3   Thumb Code     0  startup_ctboard.o(.text)
    SAI1_IRQHandler                          0x080006f3   Thumb Code     0  startup_ctboard.o(.text)
    SDIO_IRQHandler                          0x080006f3   Thumb Code     0  startup_ctboard.o(.text)
    SPI1_IRQHandler                          0x080006f3   Thumb Code     0  startup_ctboard.o(.text)
    SPI2_IRQHandler                          0x080006f3   Thumb Code     0  startup_ctboard.o(.text)
    SPI3_IRQHandler                          0x080006f3   Thumb Code     0  startup_ctboard.o(.text)
    SPI4_IRQHandler                          0x080006f3   Thumb Code     0  startup_ctboard.o(.text)
    SPI5_IRQHandler                          0x080006f3   Thumb Code     0  startup_ctboard.o(.text)
    SPI6_IRQHandler                          0x080006f3   Thumb Code     0  startup_ctboard.o(.text)
    TAMP_STAMP_IRQHandler                    0x080006f3   Thumb Code     0  startup_ctboard.o(.text)
    TIM1_BRK_TIM9_IRQHandler                 0x080006f3   Thumb Code     0  startup_ctboard.o(.text)
    TIM1_CC_IRQHandler                       0x080006f3   Thumb Code     0  startup_ctboard.o(.text)
    TIM1_TRG_COM_TIM11_IRQHandler            0x080006f3   Thumb Code     0  startup_ctboard.o(.text)
    TIM1_UP_TIM10_IRQHandler                 0x080006f3   Thumb Code     0  startup_ctboard.o(.text)
    TIM2_IRQHandler                          0x080006f3   Thumb Code     0  startup_ctboard.o(.text)
    TIM3_IRQHandler                          0x080006f3   Thumb Code     0  startup_ctboard.o(.text)
    TIM4_IRQHandler                          0x080006f3   Thumb Code     0  startup_ctboard.o(.text)
    TIM5_IRQHandler                          0x080006f3   Thumb Code     0  startup_ctboard.o(.text)
    TIM6_DAC_IRQHandler                      0x080006f3   Thumb Code     0  startup_ctboard.o(.text)
    TIM7_IRQHandler                          0x080006f3   Thumb Code     0  startup_ctboard.o(.text)
    TIM8_BRK_TIM12_IRQHandler                0x080006f3   Thumb Code     0  startup_ctboard.o(.text)
    TIM8_CC_IRQHandler                       0x080006f3   Thumb Code     0  startup_ctboard.o(.text)
    TIM8_TRG_COM_TIM14_IRQHandler            0x080006f3   Thumb Code     0  startup_ctboard.o(.text)
    TIM8_UP_TIM13_IRQHandler                 0x080006f3   Thumb Code     0  startup_ctboard.o(.text)
    UART4_IRQHandler                         0x080006f3   Thumb Code     0  startup_ctboard.o(.text)
    UART5_IRQHandler                         0x080006f3   Thumb Code     0  startup_ctboard.o(.text)
    UART7_IRQHandler                         0x080006f3   Thumb Code     0  startup_ctboard.o(.text)
    UART8_IRQHandler                         0x080006f3   Thumb Code     0  startup_ctboard.o(.text)
    USART1_IRQHandler                        0x080006f3   Thumb Code     0  startup_ctboard.o(.text)
    USART2_IRQHandler                        0x080006f3   Thumb Code     0  startup_ctboard.o(.text)
    USART3_IRQHandler                        0x080006f3   Thumb Code     0  startup_ctboard.o(.text)
    USART6_IRQHandler                        0x080006f3   Thumb Code     0  startup_ctboard.o(.text)
    WWDG_IRQHandler                          0x080006f3   Thumb Code     0  startup_ctboard.o(.text)
    __system                                 0x080006fd   Thumb Code     8  system_ctboard.o(.text)
    system_enter_run                         0x08000705   Thumb Code    20  system_ctboard.o(.text)
    system_enter_sleep                       0x08000979   Thumb Code     2  system_ctboard.o(.text)
    system_enter_stop                        0x0800097b   Thumb Code     2  system_ctboard.o(.text)
    system_enter_standby                     0x0800097d   Thumb Code     2  system_ctboard.o(.text)
    _sys_command_string                      0x0800097f   Thumb Code    12  system_ctboard.o(.text)
    _ttywrch                                 0x0800098b   Thumb Code     8  system_ctboard.o(.text)
    _sys_exit                                0x08000993   Thumb Code     8  system_ctboard.o(.text)
    hal_ct_seg7_raw_write                    0x0800099d   Thumb Code   264  hal_ct_seg7.o(.text)
    hal_ct_seg7_bin_write                    0x08000abd   Thumb Code    16  hal_ct_seg7.o(.text)
    hal_ct_seg7_clear                        0x08000ad1   Thumb Code    24  hal_ct_seg7.o(.text)
    hal_ct_seg7_clear_all                    0x08000aed   Thumb Code    12  hal_ct_seg7.o(.text)
    hal_ct_seg7_dot_set                      0x08000afd   Thumb Code    24  hal_ct_seg7.o(.text)
    hal_ct_seg7_dot_clear                    0x08000b19   Thumb Code    24  hal_ct_seg7.o(.text)
    hal_ct_seg7_get_bcd                      0x08000b35   Thumb Code    54  hal_ct_seg7.o(.text)
    hal_ct_seg7_get_seg7                     0x08000b6d   Thumb Code    48  hal_ct_seg7.o(.text)
    hal_fmc_reset                            0x08000ba1   Thumb Code   196  hal_fmc.o(.text)
    hal_fmc_init_sram                        0x08000c95   Thumb Code   652  hal_fmc.o(.text)
    hal_gpio_reset                           0x08000f45   Thumb Code   112  hal_gpio.o(.text)
    hal_gpio_init_input                      0x08000fbd   Thumb Code   122  hal_gpio.o(.text)
    hal_gpio_init_analog                     0x08001111   Thumb Code    74  hal_gpio.o(.text)
    hal_gpio_init_output                     0x0800115b   Thumb Code   206  hal_gpio.o(.text)
    hal_gpio_init_alternate                  0x08001229   Thumb Code   186  hal_gpio.o(.text)
    hal_gpio_input_read                      0x080012e3   Thumb Code    14  hal_gpio.o(.text)
    hal_gpio_output_read                     0x080012f1   Thumb Code    14  hal_gpio.o(.text)
    hal_gpio_output_write                    0x080012ff   Thumb Code    42  hal_gpio.o(.text)
    hal_gpio_bit_set                         0x08001329   Thumb Code    54  hal_gpio.o(.text)
    hal_gpio_bit_reset                       0x0800135f   Thumb Code    54  hal_gpio.o(.text)
    hal_gpio_bit_toggle                      0x08001395   Thumb Code    78  hal_gpio.o(.text)
    hal_gpio_irq_set                         0x080013e5   Thumb Code   832  hal_gpio.o(.text)
    hal_gpio_irq_status                      0x08001869   Thumb Code    64  hal_gpio.o(.text)
    hal_gpio_irq_clear                       0x080018b1   Thumb Code    24  hal_gpio.o(.text)
    hal_pwr_reset                            0x080018cd   Thumb Code    16  hal_pwr.o(.text)
    hal_pwr_set_backup_domain                0x080018e5   Thumb Code   148  hal_pwr.o(.text)
    hal_pwr_set_backup_access                0x0800197d   Thumb Code    44  hal_pwr.o(.text)
    hal_pwr_set_wakeup_pin                   0x080019ad   Thumb Code    44  hal_pwr.o(.text)
    hal_pwr_set_flash_powerdown              0x080019dd   Thumb Code    44  hal_pwr.o(.text)
    hal_pwr_set_overdrive                    0x08001a0d   Thumb Code    12  hal_pwr.o(.text)
    hal_pwr_set_underdrive                   0x08001a19   Thumb Code    12  hal_pwr.o(.text)
    hal_rcc_reset                            0x08001a25   Thumb Code   148  hal_rcc.o(.text)
    hal_rcc_set_peripheral                   0x08001b39   Thumb Code   460  hal_rcc.o(.text)
    hal_rcc_set_osc                          0x08001d1d   Thumb Code   240  hal_rcc.o(.text)
    hal_rcc_setup_pll                        0x08001e19   Thumb Code   544  hal_rcc.o(.text)
    hal_rcc_setup_clock                      0x08002059   Thumb Code   372  hal_rcc.o(.text)
    __use_no_semihosting                     0x080021dd   Thumb Code     2  use_no_semi_2.o(.text)
    snprintf                                 0x080021e1   Thumb Code    60  snprintf.o(.text)
    srand                                    0x08002221   Thumb Code    44  rand.o(.text)
    _rand_init                               0x0800224d   Thumb Code     4  rand.o(.text)
    __aeabi_assert                           0x0800225d   Thumb Code    82  assert.o(.text)
    __assert                                 0x0800225d   Thumb Code     0  assert.o(.text)
    __aeabi_memcpy                           0x080022d9   Thumb Code   130  rt_memcpy.o(.text)
    __rt_memcpy                              0x080022d9   Thumb Code     0  rt_memcpy.o(.text)
    __aeabi_uidiv                            0x0800235d   Thumb Code     0  aeabi_sdiv.o(.text)
    __aeabi_uidivmod                         0x0800235d   Thumb Code    20  aeabi_sdiv.o(.text)
    __aeabi_idiv                             0x08002371   Thumb Code     0  aeabi_sdiv.o(.text)
    __aeabi_idivmod                          0x08002371   Thumb Code   338  aeabi_sdiv.o(.text)
    __semihosting$guard                      0x080024c9   Thumb Code     0  use_no_semi.o(.text)
    __use_no_semihosting_swi                 0x080024c9   Thumb Code     2  use_no_semi.o(.text)
    _printf_pre_padding                      0x080024cb   Thumb Code    44  _printf_pad.o(.text)
    _printf_post_padding                     0x080024f7   Thumb Code    34  _printf_pad.o(.text)
    _printf_truncate_signed                  0x08002519   Thumb Code    18  _printf_truncate.o(.text)
    _printf_truncate_unsigned                0x0800252b   Thumb Code    18  _printf_truncate.o(.text)
    _printf_str                              0x0800253d   Thumb Code    82  _printf_str.o(.text)
    _printf_int_dec                          0x08002591   Thumb Code    90  _printf_dec.o(.text)
    _printf_charcount                        0x080025fd   Thumb Code    38  _printf_charcount.o(.text)
    _printf_char_common                      0x0800262f   Thumb Code    32  _printf_char_common.o(.text)
    _snputc                                  0x08002655   Thumb Code    16  _snputc.o(.text)
    _printf_wctomb                           0x08002665   Thumb Code   182  _printf_wctomb.o(.text)
    _printf_longlong_dec                     0x08002721   Thumb Code    94  _printf_longlong_dec.o(.text)
    _printf_longlong_oct                     0x08002791   Thumb Code    68  _printf_oct_int_ll.o(.text)
    _printf_int_oct                          0x080027d5   Thumb Code    24  _printf_oct_int_ll.o(.text)
    _printf_ll_oct                           0x080027ed   Thumb Code    10  _printf_oct_int_ll.o(.text)
    _printf_longlong_hex                     0x08002801   Thumb Code    88  _printf_hex_int_ll_ptr.o(.text)
    _printf_int_hex                          0x08002859   Thumb Code    28  _printf_hex_int_ll_ptr.o(.text)
    _printf_ll_hex                           0x08002875   Thumb Code    10  _printf_hex_int_ll_ptr.o(.text)
    _printf_hex_ptr                          0x0800287f   Thumb Code    22  _printf_hex_int_ll_ptr.o(.text)
    __printf                                 0x08002899   Thumb Code   386  __printf_flags_ss_wp.o(.text)
    abort                                    0x08002a21   Thumb Code    20  abort.o(.text)
    __assert_puts                            0x08002a35   Thumb Code    20  assert_puts.o(.text)
    _ll_udiv10                               0x08002a49   Thumb Code   122  lludiv10.o(.text)
    _printf_int_common                       0x08002ac3   Thumb Code   176  _printf_intcommon.o(.text)
    _printf_fp_dec_real                      0x08002d11   Thumb Code   620  _printf_fp_dec.o(.text)
    _printf_fp_hex_real                      0x08002f89   Thumb Code   718  _printf_fp_hex.o(.text)
    _printf_cs_common                        0x08003261   Thumb Code    22  _printf_char.o(.text)
    _printf_char                             0x08003277   Thumb Code    16  _printf_char.o(.text)
    _printf_string                           0x08003287   Thumb Code     8  _printf_char.o(.text)
    _printf_lcs_common                       0x0800328f   Thumb Code    22  _printf_wchar.o(.text)
    _printf_wchar                            0x080032a5   Thumb Code    16  _printf_wchar.o(.text)
    _printf_wstring                          0x080032b5   Thumb Code     8  _printf_wchar.o(.text)
    _c32rtomb                                0x080032bd   Thumb Code    66  _c32rtomb.o(.text)
    _wcrtomb                                 0x080032bd   Thumb Code     0  _c32rtomb.o(.text)
    __rt_SIGABRT                             0x080032ff   Thumb Code    12  defsig_abrt_outer.o(.text)
    __rt_udiv10                              0x0800330b   Thumb Code    40  rtudiv10.o(.text)
    __rt_ctype_table                         0x08003335   Thumb Code    16  rt_ctype_table.o(.text)
    __rt_locale                              0x08003345   Thumb Code     8  rt_locale.o(.text)
    _printf_fp_infnan                        0x0800334d   Thumb Code   120  _printf_fp_infnan.o(.text)
    _btod_etento                             0x080033d5   Thumb Code   210  bigflt0.o(.text)
    _btod_d2e                                0x080034ad   Thumb Code    64  btod.o(.text)
    _btod_emul                               0x080038e1   Thumb Code    28  btod.o(.text)
    _btod_emuld                              0x080038fd   Thumb Code   144  btod.o(.text)
    _btod_ediv                               0x0800398d   Thumb Code    26  btod.o(.text)
    _btod_edivd                              0x080039a7   Thumb Code   124  btod.o(.text)
    exit                                     0x08003a2d   Thumb Code    16  exit.o(.text)
    __sig_exit                               0x08003a3d   Thumb Code    12  defsig_exit.o(.text)
    __rt_SIGABRT_inner                       0x08003a49   Thumb Code    14  defsig_abrt_inner.o(.text)
    __default_signal_display                 0x08003a79   Thumb Code    52  defsig_general.o(.text)
    strcmp                                   0x08003aad   Thumb Code   132  strcmp.o(.text)
    __ARM_common_ll_muluu                    0x08003b35   Thumb Code    48  btod.o(i.__ARM_common_ll_muluu)
    __ARM_fpclassify                         0x08003b65   Thumb Code    40  fpclassify.o(i.__ARM_fpclassify)
    _is_digit                                0x08003b91   Thumb Code    14  __printf_wp.o(i._is_digit)
    _get_lc_numeric                          0x08003ba1   Thumb Code    44  lc_numeric_c.o(locale$$code)
    _get_lc_ctype                            0x08003bcd   Thumb Code    44  lc_ctype_c.o(locale$$code)
    _printf_fp_dec                           0x08003bf9   Thumb Code    16  printf1.o(x$fpl$printf1)
    _printf_fp_hex                           0x08003c09   Thumb Code    16  printf2.o(x$fpl$printf2)
    __I$use$fp                               0x08003c18   Number         0  usenofp.o(x$fpl$usenofp)
    Region$$Table$$Base                      0x08003fec   Number         0  anon$$obj.o(Region$$Table)
    Region$$Table$$Limit                     0x0800400c   Number         0  anon$$obj.o(Region$$Table)
    __ctype                                  0x08004035   Data           0  lc_ctype_c.o(locale$$data)
    _random_number_data                      0x20000008   Data         228  rand.o(.bss)
    Stack_Mem                                0x20000108   Data        8192  startup_ctboard.o(STACK)



==============================================================================

Memory Map of the image

  Image Entry point : 0x080006d9

  Load Region LR_IROM1 (Base: 0x08000000, Size: 0x00004140, Max: 0x00200000, ABSOLUTE)

    Execution Region ER_IROM1 (Exec base: 0x08000000, Load base: 0x08000000, Size: 0x00004138, Max: 0x00200000, ABSOLUTE)

    Exec Addr    Load Addr    Size         Type   Attr      Idx    E Section Name        Object

    0x08000000   0x08000000   0x000001ac   Data   RO           50    RESET               startup_ctboard.o
    0x080001ac   0x080001ac   0x00000054   Code   RO          122    !!!scatter          c_pu.l(__scatter.o)
    0x08000200   0x08000200   0x0000001a   Code   RO          448    !!handler_copy      c_pu.l(__scatter_copy.o)
    0x0800021a   0x0800021a   0x00000002   PAD
    0x0800021c   0x0800021c   0x0000001c   Code   RO          450    !!handler_zi        c_pu.l(__scatter_zi.o)
    0x08000238   0x08000238   0x00000002   Code   RO          214    .ARM.Collect$$_printf_percent$$00000000  c_pu.l(_printf_percent.o)
    0x0800023a   0x0800023a   0x0000000a   Code   RO          203    .ARM.Collect$$_printf_percent$$00000001  c_pu.l(_printf_n.o)
    0x08000244   0x08000244   0x0000000a   Code   RO          205    .ARM.Collect$$_printf_percent$$00000002  c_pu.l(_printf_p.o)
    0x0800024e   0x0800024e   0x0000000a   Code   RO          210    .ARM.Collect$$_printf_percent$$00000003  c_pu.l(_printf_f.o)
    0x08000258   0x08000258   0x0000000a   Code   RO          211    .ARM.Collect$$_printf_percent$$00000004  c_pu.l(_printf_e.o)
    0x08000262   0x08000262   0x0000000a   Code   RO          212    .ARM.Collect$$_printf_percent$$00000005  c_pu.l(_printf_g.o)
    0x0800026c   0x0800026c   0x0000000a   Code   RO          213    .ARM.Collect$$_printf_percent$$00000006  c_pu.l(_printf_a.o)
    0x08000276   0x08000276   0x0000000a   Code   RO          218    .ARM.Collect$$_printf_percent$$00000007  c_pu.l(_printf_ll.o)
    0x08000280   0x08000280   0x0000000a   Code   RO          207    .ARM.Collect$$_printf_percent$$00000008  c_pu.l(_printf_i.o)
    0x0800028a   0x0800028a   0x0000000a   Code   RO          208    .ARM.Collect$$_printf_percent$$00000009  c_pu.l(_printf_d.o)
    0x08000294   0x08000294   0x0000000a   Code   RO          209    .ARM.Collect$$_printf_percent$$0000000A  c_pu.l(_printf_u.o)
    0x0800029e   0x0800029e   0x0000000a   Code   RO          206    .ARM.Collect$$_printf_percent$$0000000B  c_pu.l(_printf_o.o)
    0x080002a8   0x080002a8   0x0000000a   Code   RO          204    .ARM.Collect$$_printf_percent$$0000000C  c_pu.l(_printf_x.o)
    0x080002b2   0x080002b2   0x0000000a   Code   RO          215    .ARM.Collect$$_printf_percent$$0000000D  c_pu.l(_printf_lli.o)
    0x080002bc   0x080002bc   0x0000000a   Code   RO          216    .ARM.Collect$$_printf_percent$$0000000E  c_pu.l(_printf_lld.o)
    0x080002c6   0x080002c6   0x0000000a   Code   RO          217    .ARM.Collect$$_printf_percent$$0000000F  c_pu.l(_printf_llu.o)
    0x080002d0   0x080002d0   0x0000000a   Code   RO          222    .ARM.Collect$$_printf_percent$$00000010  c_pu.l(_printf_llo.o)
    0x080002da   0x080002da   0x0000000a   Code   RO          223    .ARM.Collect$$_printf_percent$$00000011  c_pu.l(_printf_llx.o)
    0x080002e4   0x080002e4   0x0000000a   Code   RO          219    .ARM.Collect$$_printf_percent$$00000012  c_pu.l(_printf_l.o)
    0x080002ee   0x080002ee   0x0000000a   Code   RO          201    .ARM.Collect$$_printf_percent$$00000013  c_pu.l(_printf_c.o)
    0x080002f8   0x080002f8   0x0000000a   Code   RO          202    .ARM.Collect$$_printf_percent$$00000014  c_pu.l(_printf_s.o)
    0x08000302   0x08000302   0x0000000a   Code   RO          220    .ARM.Collect$$_printf_percent$$00000015  c_pu.l(_printf_lc.o)
    0x0800030c   0x0800030c   0x0000000a   Code   RO          221    .ARM.Collect$$_printf_percent$$00000016  c_pu.l(_printf_ls.o)
    0x08000316   0x08000316   0x00000004   Code   RO          317    .ARM.Collect$$_printf_percent$$00000017  c_pu.l(_printf_percent_end.o)
    0x0800031a   0x0800031a   0x00000002   Code   RO          372    .ARM.Collect$$libinit$$00000000  c_pu.l(libinit.o)
    0x0800031c   0x0800031c   0x00000000   Code   RO          229    .ARM.Collect$$libinit$$00000002  c_pu.l(libinit2.o)
    0x0800031c   0x0800031c   0x00000000   Code   RO          231    .ARM.Collect$$libinit$$00000004  c_pu.l(libinit2.o)
    0x0800031c   0x0800031c   0x00000000   Code   RO          233    .ARM.Collect$$libinit$$00000006  c_pu.l(libinit2.o)
    0x0800031c   0x0800031c   0x00000000   Code   RO          236    .ARM.Collect$$libinit$$0000000C  c_pu.l(libinit2.o)
    0x0800031c   0x0800031c   0x00000000   Code   RO          238    .ARM.Collect$$libinit$$0000000E  c_pu.l(libinit2.o)
    0x0800031c   0x0800031c   0x00000004   Code   RO          239    .ARM.Collect$$libinit$$0000000F  c_pu.l(libinit2.o)
    0x08000320   0x08000320   0x00000000   Code   RO          240    .ARM.Collect$$libinit$$00000010  c_pu.l(libinit2.o)
    0x08000320   0x08000320   0x00000006   Code   RO          241    .ARM.Collect$$libinit$$00000011  c_pu.l(libinit2.o)
    0x08000326   0x08000326   0x00000000   Code   RO          243    .ARM.Collect$$libinit$$00000013  c_pu.l(libinit2.o)
    0x08000326   0x08000326   0x0000000c   Code   RO          244    .ARM.Collect$$libinit$$00000014  c_pu.l(libinit2.o)
    0x08000332   0x08000332   0x00000000   Code   RO          245    .ARM.Collect$$libinit$$00000015  c_pu.l(libinit2.o)
    0x08000332   0x08000332   0x00000000   Code   RO          247    .ARM.Collect$$libinit$$00000017  c_pu.l(libinit2.o)
    0x08000332   0x08000332   0x0000000a   Code   RO          248    .ARM.Collect$$libinit$$00000018  c_pu.l(libinit2.o)
    0x0800033c   0x0800033c   0x00000000   Code   RO          249    .ARM.Collect$$libinit$$00000019  c_pu.l(libinit2.o)
    0x0800033c   0x0800033c   0x00000000   Code   RO          251    .ARM.Collect$$libinit$$0000001B  c_pu.l(libinit2.o)
    0x0800033c   0x0800033c   0x00000000   Code   RO          253    .ARM.Collect$$libinit$$0000001D  c_pu.l(libinit2.o)
    0x0800033c   0x0800033c   0x00000000   Code   RO          255    .ARM.Collect$$libinit$$0000001F  c_pu.l(libinit2.o)
    0x0800033c   0x0800033c   0x00000000   Code   RO          257    .ARM.Collect$$libinit$$00000021  c_pu.l(libinit2.o)
    0x0800033c   0x0800033c   0x00000000   Code   RO          259    .ARM.Collect$$libinit$$00000023  c_pu.l(libinit2.o)
    0x0800033c   0x0800033c   0x00000000   Code   RO          261    .ARM.Collect$$libinit$$00000025  c_pu.l(libinit2.o)
    0x0800033c   0x0800033c   0x00000000   Code   RO          263    .ARM.Collect$$libinit$$00000027  c_pu.l(libinit2.o)
    0x0800033c   0x0800033c   0x00000000   Code   RO          267    .ARM.Collect$$libinit$$0000002E  c_pu.l(libinit2.o)
    0x0800033c   0x0800033c   0x00000000   Code   RO          269    .ARM.Collect$$libinit$$00000030  c_pu.l(libinit2.o)
    0x0800033c   0x0800033c   0x00000000   Code   RO          271    .ARM.Collect$$libinit$$00000032  c_pu.l(libinit2.o)
    0x0800033c   0x0800033c   0x00000000   Code   RO          273    .ARM.Collect$$libinit$$00000034  c_pu.l(libinit2.o)
    0x0800033c   0x0800033c   0x00000002   Code   RO          274    .ARM.Collect$$libinit$$00000035  c_pu.l(libinit2.o)
    0x0800033e   0x0800033e   0x00000002   Code   RO          429    .ARM.Collect$$libshutdown$$00000000  c_pu.l(libshutdown.o)
    0x08000340   0x08000340   0x00000000   Code   RO          431    .ARM.Collect$$libshutdown$$00000002  c_pu.l(libshutdown2.o)
    0x08000340   0x08000340   0x00000000   Code   RO          433    .ARM.Collect$$libshutdown$$00000004  c_pu.l(libshutdown2.o)
    0x08000340   0x08000340   0x00000000   Code   RO          436    .ARM.Collect$$libshutdown$$00000007  c_pu.l(libshutdown2.o)
    0x08000340   0x08000340   0x00000000   Code   RO          439    .ARM.Collect$$libshutdown$$0000000A  c_pu.l(libshutdown2.o)
    0x08000340   0x08000340   0x00000000   Code   RO          441    .ARM.Collect$$libshutdown$$0000000C  c_pu.l(libshutdown2.o)
    0x08000340   0x08000340   0x00000000   Code   RO          444    .ARM.Collect$$libshutdown$$0000000F  c_pu.l(libshutdown2.o)
    0x08000340   0x08000340   0x00000002   Code   RO          445    .ARM.Collect$$libshutdown$$00000010  c_pu.l(libshutdown2.o)
    0x08000342   0x08000342   0x00000000   Code   RO          128    .ARM.Collect$$rtentry$$00000000  c_pu.l(__rtentry.o)
    0x08000342   0x08000342   0x00000000   Code   RO          284    .ARM.Collect$$rtentry$$00000002  c_pu.l(__rtentry2.o)
    0x08000342   0x08000342   0x00000006   Code   RO          296    .ARM.Collect$$rtentry$$00000004  c_pu.l(__rtentry4.o)
    0x08000348   0x08000348   0x00000000   Code   RO          286    .ARM.Collect$$rtentry$$00000009  c_pu.l(__rtentry2.o)
    0x08000348   0x08000348   0x00000004   Code   RO          287    .ARM.Collect$$rtentry$$0000000A  c_pu.l(__rtentry2.o)
    0x0800034c   0x0800034c   0x00000000   Code   RO          289    .ARM.Collect$$rtentry$$0000000C  c_pu.l(__rtentry2.o)
    0x0800034c   0x0800034c   0x00000008   Code   RO          290    .ARM.Collect$$rtentry$$0000000D  c_pu.l(__rtentry2.o)
    0x08000354   0x08000354   0x00000002   Code   RO          381    .ARM.Collect$$rtexit$$00000000  c_pu.l(rtexit.o)
    0x08000356   0x08000356   0x00000000   Code   RO          403    .ARM.Collect$$rtexit$$00000002  c_pu.l(rtexit2.o)
    0x08000356   0x08000356   0x00000004   Code   RO          404    .ARM.Collect$$rtexit$$00000003  c_pu.l(rtexit2.o)
    0x0800035a   0x0800035a   0x00000006   Code   RO          405    .ARM.Collect$$rtexit$$00000004  c_pu.l(rtexit2.o)
    0x08000360   0x08000360   0x00000038   Code   RO          107    .emb_text           c_pu.l(rand.o)
    0x08000398   0x08000398   0x00000038   Code   RO          114    .emb_text           c_pu.l(rt_memcpy.o)
    0x080003d0   0x080003d0   0x00000090   Code   RO            1    .text               main.o
    0x08000460   0x08000460   0x00000028   Code   RO            9    .text               button_state.o
    0x08000488   0x08000488   0x00000024   Code   RO           17    .text               counter.o
    0x080004ac   0x080004ac   0x000001b0   Code   RO           25    .text               display.o
    0x0800065c   0x0800065c   0x00000054   Code   RO           34    .text               statistics.o
    0x080006b0   0x080006b0   0x00000028   Code   RO           42    .text               datainit_ctboard.o
    0x080006d8   0x080006d8   0x00000024   Code   RO           51  * .text               startup_ctboard.o
    0x080006fc   0x080006fc   0x0000029e   Code   RO           55    .text               system_ctboard.o
    0x0800099a   0x0800099a   0x00000002   PAD
    0x0800099c   0x0800099c   0x00000204   Code   RO           62    .text               hal_ct_seg7.o
    0x08000ba0   0x08000ba0   0x000003a4   Code   RO           71    .text               hal_fmc.o
    0x08000f44   0x08000f44   0x00000988   Code   RO           79    .text               hal_gpio.o
    0x080018cc   0x080018cc   0x00000158   Code   RO           86    .text               hal_pwr.o
    0x08001a24   0x08001a24   0x000007b8   Code   RO           93    .text               hal_rcc.o
    0x080021dc   0x080021dc   0x00000002   Code   RO          103    .text               c_pu.l(use_no_semi_2.o)
    0x080021de   0x080021de   0x00000002   PAD
    0x080021e0   0x080021e0   0x00000040   Code   RO          105    .text               c_pu.l(snprintf.o)
    0x08002220   0x08002220   0x0000003c   Code   RO          108    .text               c_pu.l(rand.o)
    0x0800225c   0x0800225c   0x0000007c   Code   RO          112    .text               c_pu.l(assert.o)
    0x080022d8   0x080022d8   0x00000082   Code   RO          115    .text               c_pu.l(rt_memcpy.o)
    0x0800235a   0x0800235a   0x00000002   PAD
    0x0800235c   0x0800235c   0x0000016c   Code   RO          118    .text               c_pu.l(aeabi_sdiv.o)
    0x080024c8   0x080024c8   0x00000002   Code   RO          126    .text               c_pu.l(use_no_semi.o)
    0x080024ca   0x080024ca   0x0000004e   Code   RO          135    .text               c_pu.l(_printf_pad.o)
    0x08002518   0x08002518   0x00000024   Code   RO          137    .text               c_pu.l(_printf_truncate.o)
    0x0800253c   0x0800253c   0x00000052   Code   RO          139    .text               c_pu.l(_printf_str.o)
    0x0800258e   0x0800258e   0x00000002   PAD
    0x08002590   0x08002590   0x0000006c   Code   RO          141    .text               c_pu.l(_printf_dec.o)
    0x080025fc   0x080025fc   0x00000026   Code   RO          143    .text               c_pu.l(_printf_charcount.o)
    0x08002622   0x08002622   0x00000002   PAD
    0x08002624   0x08002624   0x00000030   Code   RO          145    .text               c_pu.l(_printf_char_common.o)
    0x08002654   0x08002654   0x00000010   Code   RO          147    .text               c_pu.l(_snputc.o)
    0x08002664   0x08002664   0x000000bc   Code   RO          149    .text               c_pu.l(_printf_wctomb.o)
    0x08002720   0x08002720   0x00000070   Code   RO          152    .text               c_pu.l(_printf_longlong_dec.o)
    0x08002790   0x08002790   0x00000070   Code   RO          158    .text               c_pu.l(_printf_oct_int_ll.o)
    0x08002800   0x08002800   0x00000098   Code   RO          178    .text               c_pu.l(_printf_hex_int_ll_ptr.o)
    0x08002898   0x08002898   0x00000188   Code   RO          198    .text               c_pu.l(__printf_flags_ss_wp.o)
    0x08002a20   0x08002a20   0x00000014   Code   RO          224    .text               c_pu.l(abort.o)
    0x08002a34   0x08002a34   0x00000014   Code   RO          226    .text               c_pu.l(assert_puts.o)
    0x08002a48   0x08002a48   0x0000007a   Code   RO          300    .text               c_pu.l(lludiv10.o)
    0x08002ac2   0x08002ac2   0x000000b0   Code   RO          302    .text               c_pu.l(_printf_intcommon.o)
    0x08002b72   0x08002b72   0x00000002   PAD
    0x08002b74   0x08002b74   0x00000414   Code   RO          304    .text               c_pu.l(_printf_fp_dec.o)
    0x08002f88   0x08002f88   0x000002d8   Code   RO          308    .text               c_pu.l(_printf_fp_hex.o)
    0x08003260   0x08003260   0x0000002e   Code   RO          313    .text               c_pu.l(_printf_char.o)
    0x0800328e   0x0800328e   0x0000002e   Code   RO          315    .text               c_pu.l(_printf_wchar.o)
    0x080032bc   0x080032bc   0x00000042   Code   RO          318    .text               c_pu.l(_c32rtomb.o)
    0x080032fe   0x080032fe   0x0000000c   Code   RO          320    .text               c_pu.l(defsig_abrt_outer.o)
    0x0800330a   0x0800330a   0x00000028   Code   RO          324    .text               c_pu.l(rtudiv10.o)
    0x08003332   0x08003332   0x00000002   PAD
    0x08003334   0x08003334   0x00000010   Code   RO          330    .text               c_pu.l(rt_ctype_table.o)
    0x08003344   0x08003344   0x00000008   Code   RO          334    .text               c_pu.l(rt_locale.o)
    0x0800334c   0x0800334c   0x00000088   Code   RO          339    .text               c_pu.l(_printf_fp_infnan.o)
    0x080033d4   0x080033d4   0x000000d8   Code   RO          341    .text               c_pu.l(bigflt0.o)
    0x080034ac   0x080034ac   0x00000580   Code   RO          344    .text               c_pu.l(btod.o)
    0x08003a2c   0x08003a2c   0x00000010   Code   RO          353    .text               c_pu.l(exit.o)
    0x08003a3c   0x08003a3c   0x0000000c   Code   RO          355    .text               c_pu.l(defsig_exit.o)
    0x08003a48   0x08003a48   0x00000030   Code   RO          357    .text               c_pu.l(defsig_abrt_inner.o)
    0x08003a78   0x08003a78   0x00000034   Code   RO          392    .text               c_pu.l(defsig_general.o)
    0x08003aac   0x08003aac   0x00000088   Code   RO          400    .text               c_pu.l(strcmp.o)
    0x08003b34   0x08003b34   0x00000030   Code   RO          346    i.__ARM_common_ll_muluu  c_pu.l(btod.o)
    0x08003b64   0x08003b64   0x0000002c   Code   RO          376    i.__ARM_fpclassify  m_ps.l(fpclassify.o)
    0x08003b90   0x08003b90   0x0000000e   Code   RO          191    i._is_digit         c_pu.l(__printf_wp.o)
    0x08003b9e   0x08003b9e   0x00000002   PAD
    0x08003ba0   0x08003ba0   0x0000002c   Code   RO          351    locale$$code        c_pu.l(lc_numeric_c.o)
    0x08003bcc   0x08003bcc   0x0000002c   Code   RO          388    locale$$code        c_pu.l(lc_ctype_c.o)
    0x08003bf8   0x08003bf8   0x00000010   Code   RO          275    x$fpl$printf1       fz_ps.l(printf1.o)
    0x08003c08   0x08003c08   0x00000010   Code   RO          277    x$fpl$printf2       fz_ps.l(printf2.o)
    0x08003c18   0x08003c18   0x00000000   Code   RO          375    x$fpl$usenofp       fz_ps.l(usenofp.o)
    0x08003c18   0x08003c18   0x00000008   Data   RO          150    .constdata          c_pu.l(_printf_wctomb.o)
    0x08003c20   0x08003c20   0x00000028   Data   RO          179    .constdata          c_pu.l(_printf_hex_int_ll_ptr.o)
    0x08003c48   0x08003c48   0x00000011   Data   RO          199    .constdata          c_pu.l(__printf_flags_ss_wp.o)
    0x08003c59   0x08003c59   0x00000026   Data   RO          309    .constdata          c_pu.l(_printf_fp_hex.o)
    0x08003c7f   0x08003c7f   0x00000001   PAD
    0x08003c80   0x08003c80   0x00000094   Data   RO          342    .constdata          c_pu.l(bigflt0.o)
    0x08003d14   0x08003d14   0x00000014   Data   RO           27    .rodata..L__const.display_write_total.buffer  display.o
    0x08003d28   0x08003d28   0x00000010   Data   RO           65    .rodata.hal_ct_seg7_get_seg7.conv_tab  hal_ct_seg7.o
    0x08003d38   0x08003d38   0x00000010   Data   RO           28    .rodata.str1.1      display.o
    0x08003d48   0x08003d48   0x0000009c   Data   RO           64    .rodata.str1.1      hal_ct_seg7.o
    0x08003de4   0x08003de4   0x00000098   Data   RO           73    .rodata.str1.1      hal_fmc.o
    0x08003e7c   0x08003e7c   0x00000170   Data   RO           95    .rodata.str1.1      hal_rcc.o
    0x08003fec   0x08003fec   0x00000020   Data   RO          447    Region$$Table       anon$$obj.o
    0x0800400c   0x0800400c   0x0000001c   Data   RO          350    locale$$data        c_pu.l(lc_numeric_c.o)
    0x08004028   0x08004028   0x00000110   Data   RO          387    locale$$data        c_pu.l(lc_ctype_c.o)


    Execution Region RW_IRAM1 (Exec base: 0x20000000, Load base: 0x08004138, Size: 0x00002108, Max: 0x00030000, ABSOLUTE)

    Exec Addr    Load Addr    Size         Type   Attr      Idx    E Section Name        Object

    0x20000000   0x08004138   0x00000001   Data   RW           19    .data.dice_counter  counter.o
    0x20000001   0x08004139   0x00000007   PAD
    0x20000008        -       0x000000e4   Zero   RW          109    .bss                c_pu.l(rand.o)
    0x200000ec        -       0x00000014   Zero   RW          335    .bss                c_pu.l(rt_locale.o)
    0x20000100        -       0x00000001   Zero   RW           11    .bss.last_button_state  button_state.o
    0x20000101        -       0x00000007   Zero   RW           36    .bss.nr_of_throws   statistics.o
    0x20000108        -       0x00002000   Zero   RW           48    STACK               startup_ctboard.o


==============================================================================

Image component sizes


      Code (inc. data)   RO Data    RW Data    ZI Data      Debug   Object Name

        40          8          0          0          1        661   button_state.o
        36          4          0          1          0        619   counter.o
        40         16          0          0          0        472   datainit_ctboard.o
       432         36         36          0          0       2710   display.o
       516        148        172          0          0       2633   hal_ct_seg7.o
       932        116        152          0          0       3179   hal_fmc.o
      2440        124          0          0          0       8332   hal_gpio.o
       344         24          0          0          0       1829   hal_pwr.o
      1976        536        368          0          0       4851   hal_rcc.o
       144          0          0          0          0        727   main.o
        36          8        428          0       8192        816   startup_ctboard.o
        84          8          0          0          7        813   statistics.o
       670         64          0          0          0       6734   system_ctboard.o

    ----------------------------------------------------------------------
      7692       1092       1188          4       8204      34376   Object Totals
         0          0         32          0          0          0   (incl. Generated)
         2          0          0          3          4          0   (incl. Padding)

    ----------------------------------------------------------------------

      Code (inc. data)   RO Data    RW Data    ZI Data      Debug   Library Member Name

       392          6         17          0          0         76   __printf_flags_ss_wp.o
        14          0          0          0          0         60   __printf_wp.o
         0          0          0          0          0          0   __rtentry.o
        12          0          0          0          0          0   __rtentry2.o
         6          0          0          0          0          0   __rtentry4.o
        84         10          0          0          0         68   __scatter.o
        26          0          0          0          0          0   __scatter_copy.o
        28          0          0          0          0          0   __scatter_zi.o
        66          0          0          0          0         76   _c32rtomb.o
        10          0          0          0          0          0   _printf_a.o
        10          0          0          0          0          0   _printf_c.o
        46          0          0          0          0        100   _printf_char.o
        48          6          0          0          0         88   _printf_char_common.o
        38          0          0          0          0         60   _printf_charcount.o
        10          0          0          0          0          0   _printf_d.o
       108         18          0          0          0         76   _printf_dec.o
        10          0          0          0          0          0   _printf_e.o
        10          0          0          0          0          0   _printf_f.o
      1044         12          0          0          0        116   _printf_fp_dec.o
       728         10         38          0          0         84   _printf_fp_hex.o
       136         16          0          0          0         76   _printf_fp_infnan.o
        10          0          0          0          0          0   _printf_g.o
       152          4         40          0          0        148   _printf_hex_int_ll_ptr.o
        10          0          0          0          0          0   _printf_i.o
       176          0          0          0          0         84   _printf_intcommon.o
        10          0          0          0          0          0   _printf_l.o
        10          0          0          0          0          0   _printf_lc.o
        10          0          0          0          0          0   _printf_ll.o
        10          0          0          0          0          0   _printf_lld.o
        10          0          0          0          0          0   _printf_lli.o
        10          0          0          0          0          0   _printf_llo.o
        10          0          0          0          0          0   _printf_llu.o
        10          0          0          0          0          0   _printf_llx.o
       112         18          0          0          0         76   _printf_longlong_dec.o
        10          0          0          0          0          0   _printf_ls.o
        10          0          0          0          0          0   _printf_n.o
        10          0          0          0          0          0   _printf_o.o
       112         10          0          0          0        112   _printf_oct_int_ll.o
        10          0          0          0          0          0   _printf_p.o
        78          0          0          0          0        100   _printf_pad.o
         2          0          0          0          0          0   _printf_percent.o
         4          0          0          0          0          0   _printf_percent_end.o
        10          0          0          0          0          0   _printf_s.o
        82          0          0          0          0         72   _printf_str.o
        36          0          0          0          0         76   _printf_truncate.o
        10          0          0          0          0          0   _printf_u.o
        46          0          0          0          0        100   _printf_wchar.o
       188          6          8          0          0         80   _printf_wctomb.o
        10          0          0          0          0          0   _printf_x.o
        16          0          0          0          0         60   _snputc.o
        20          0          0          0          0         68   abort.o
       364          4          0          0          0         92   aeabi_sdiv.o
       124         42          0          0          0         68   assert.o
        20          0          0          0          0         68   assert_puts.o
       216          6        148          0          0         80   bigflt0.o
      1456         30          0          0          0        336   btod.o
        48         34          0          0          0         68   defsig_abrt_inner.o
        12          0          0          0          0         68   defsig_abrt_outer.o
        12          0          0          0          0         68   defsig_exit.o
        52          0          0          0          0         72   defsig_general.o
        16          0          0          0          0         68   exit.o
        44         10        272          0          0         76   lc_ctype_c.o
        44         10         28          0          0         76   lc_numeric_c.o
         2          0          0          0          0          0   libinit.o
        34          0          0          0          0          0   libinit2.o
         2          0          0          0          0          0   libshutdown.o
         2          0          0          0          0          0   libshutdown2.o
       122          0          0          0          0         72   lludiv10.o
       116         16          0          0        228        156   rand.o
        16          4          0          0          0         76   rt_ctype_table.o
         8          4          0          0         20         68   rt_locale.o
       186          0          0          0          0        144   rt_memcpy.o
         2          0          0          0          0          0   rtexit.o
        10          0          0          0          0          0   rtexit2.o
        40          0          0          0          0         60   rtudiv10.o
        64          4          0          0          0         84   snprintf.o
       136          4          0          0          0         72   strcmp.o
         2          0          0          0          0         68   use_no_semi.o
         2          0          0          0          0         68   use_no_semi_2.o
        16          4          0          0          0         76   printf1.o
        16          4          0          0          0         76   printf2.o
         0          0          0          0          0          0   usenofp.o
        44          4          0          0          0         60   fpclassify.o

    ----------------------------------------------------------------------
      7264        296        552          0        248       4076   Library Totals
        16          0          1          0          0          0   (incl. Padding)

    ----------------------------------------------------------------------

      Code (inc. data)   RO Data    RW Data    ZI Data      Debug   Library Name

      7172        284        551          0        248       3864   c_pu.l
        32          8          0          0          0        152   fz_ps.l
        44          4          0          0          0         60   m_ps.l

    ----------------------------------------------------------------------
      7264        296        552          0        248       4076   Library Totals

    ----------------------------------------------------------------------

==============================================================================


      Code (inc. data)   RO Data    RW Data    ZI Data      Debug   

     14956       1388       1740          4       8452      36084   Grand Totals
     14956       1388       1740          4       8452      36084   ELF Image Totals
     14956       1388       1740          4          0          0   ROM Totals

==============================================================================

    Total RO  Size (Code + RO Data)                16696 (  16.30kB)
    Total RW  Size (RW Data + ZI Data)              8456 (   8.26kB)
    Total ROM Size (Code + RO Data + RW Data)      16700 (  16.31kB)

==============================================================================

