Component: Arm Compiler for Embedded 6.24 Tool: armlink [5f371500]

==============================================================================

Section Cross References

    cmd_lcd.o(.text) refers to lcd_io.o(.text) for write_cmd_to_display
    cmd_lcd.o(.ARM.exidx) refers to cmd_lcd.o(.text) for [Anonymous Symbol]
    cmd_touch.o(.text) refers to lcd_io.o(.text) for write_cmd_to_display
    cmd_touch.o(.ARM.exidx) refers to cmd_touch.o(.text) for [Anonymous Symbol]
    hal_sbuf.o(.ARM.exidx) refers to hal_sbuf.o(.text) for [Anonymous Symbol]
    hal_spi.o(.ARM.exidx) refers to hal_spi.o(.text) for [Anonymous Symbol]
    lcd_io.o(.text) refers to hal_spi.o(.text) for hal_spi_init
    lcd_io.o(.text) refers to hal_sbuf.o(.text) for hal_sbuf_init
    lcd_io.o(.ARM.exidx) refers to lcd_io.o(.text) for [Anonymous Symbol]
    main.o(.text) refers to cmd_lcd.o(.text) for init_display
    main.o(.text) refers to cmd_touch.o(.text) for set_touch_enable
    main.o(.text) refers to main.o(.rodata.str1.1) for [Anonymous Symbol]
    main.o(.ARM.exidx) refers to main.o(.text) for [Anonymous Symbol]
    datainit_ctboard.o(.text) refers to __scatter.o(!!!scatter) for __scatterload
    datainit_ctboard.o(.text) refers to main.o(.text) for main
    datainit_ctboard.o(.text) refers (Weak) to startup_ctboard.o(STACK) for Stack_Mem
    startup_ctboard.o(RESET) refers to startup_ctboard.o(STACK) for __initial_sp
    startup_ctboard.o(RESET) refers to startup_ctboard.o(.text) for Reset_Handler
    startup_ctboard.o(.text) refers to system_ctboard.o(.text) for __system
    startup_ctboard.o(.text) refers to datainit_ctboard.o(.text) for __main
    system_ctboard.o(.text) refers (Special) to use_no_semi_2.o(.text) for __use_no_semihosting
    system_ctboard.o(.text) refers to hal_rcc.o(.text) for hal_rcc_reset
    system_ctboard.o(.text) refers to hal_pwr.o(.text) for hal_pwr_set_overdrive
    system_ctboard.o(.text) refers to hal_gpio.o(.text) for hal_gpio_init_alternate
    system_ctboard.o(.text) refers to hal_fmc.o(.text) for hal_fmc_init_sram
    system_ctboard.o(.ARM.exidx) refers (Special) to use_no_semi_2.o(.text) for __use_no_semihosting
    system_ctboard.o(.ARM.exidx) refers to system_ctboard.o(.text) for [Anonymous Symbol]
    hal_fmc.o(.text) refers to assert.o(.text) for __aeabi_assert
    hal_fmc.o(.text) refers to hal_fmc.o(.rodata.str1.1) for [Anonymous Symbol]
    hal_fmc.o(.ARM.exidx) refers to hal_fmc.o(.text) for [Anonymous Symbol]
    hal_gpio.o(.text) refers to aeabi_sdiv.o(.text) for __aeabi_uidiv
    hal_gpio.o(.ARM.exidx) refers to hal_gpio.o(.text) for [Anonymous Symbol]
    hal_pwr.o(.ARM.exidx) refers to hal_pwr.o(.text) for [Anonymous Symbol]
    hal_rcc.o(.text) refers to assert.o(.text) for __aeabi_assert
    hal_rcc.o(.text) refers to hal_rcc.o(.rodata.str1.1) for [Anonymous Symbol]
    hal_rcc.o(.ARM.exidx) refers to hal_rcc.o(.text) for [Anonymous Symbol]
    use_no_semi_2.o(.text) refers (Special) to use_no_semi.o(.text) for __use_no_semihosting_swi
    assert.o(.text) refers to assert_puts.o(.text) for __assert_puts
    assert.o(.text) refers to aeabi_sdiv.o(.text) for __aeabi_idivmod
    assert.o(.text) refers to abort.o(.text) for abort
    __scatter.o(!!!scatter) refers to __rtentry.o(.ARM.Collect$$rtentry$$00000000) for __rt_entry
    __rtentry.o(.ARM.Collect$$rtentry$$00000000) refers (Special) to __rtentry2.o(.ARM.Collect$$rtentry$$0000000A) for __rt_entry_li
    __rtentry.o(.ARM.Collect$$rtentry$$00000000) refers (Special) to __rtentry2.o(.ARM.Collect$$rtentry$$0000000D) for __rt_entry_main
    __rtentry.o(.ARM.Collect$$rtentry$$00000000) refers (Special) to __rtentry2.o(.ARM.Collect$$rtentry$$0000000C) for __rt_entry_postli_1
    __rtentry.o(.ARM.Collect$$rtentry$$00000000) refers (Special) to __rtentry2.o(.ARM.Collect$$rtentry$$00000009) for __rt_entry_postsh_1
    __rtentry.o(.ARM.Collect$$rtentry$$00000000) refers (Special) to __rtentry2.o(.ARM.Collect$$rtentry$$00000002) for __rt_entry_presh_1
    __rtentry.o(.ARM.Collect$$rtentry$$00000000) refers (Special) to __rtentry4.o(.ARM.Collect$$rtentry$$00000004) for __rt_entry_sh
    aeabi_idiv0_sigfpe.o(.text) refers to rt_div0.o(.text) for __rt_div0
    abort.o(.text) refers to defsig_abrt_outer.o(.text) for __rt_SIGABRT
    abort.o(.text) refers (Weak) to libshutdown.o(.ARM.Collect$$libshutdown$$00000000) for __rt_lib_shutdown
    abort.o(.text) refers to system_ctboard.o(.text) for _sys_exit
    assert_puts.o(.text) refers to system_ctboard.o(.text) for _ttywrch
    __rtentry2.o(.ARM.Collect$$rtentry$$00000008) refers to boardinit2.o(.text) for _platform_post_stackheap_init
    __rtentry2.o(.ARM.Collect$$rtentry$$0000000A) refers to libinit.o(.ARM.Collect$$libinit$$00000000) for __rt_lib_init
    __rtentry2.o(.ARM.Collect$$rtentry$$0000000B) refers to boardinit3.o(.text) for _platform_post_lib_init
    __rtentry2.o(.ARM.Collect$$rtentry$$0000000D) refers to main.o(.text) for main
    __rtentry2.o(.ARM.Collect$$rtentry$$0000000D) refers to exit.o(.text) for exit
    __rtentry2.o(.ARM.exidx) refers to __rtentry2.o(.ARM.Collect$$rtentry$$00000001) for .ARM.Collect$$rtentry$$00000001
    __rtentry2.o(.ARM.exidx) refers to __rtentry2.o(.ARM.Collect$$rtentry$$00000008) for .ARM.Collect$$rtentry$$00000008
    __rtentry2.o(.ARM.exidx) refers to __rtentry2.o(.ARM.Collect$$rtentry$$0000000A) for .ARM.Collect$$rtentry$$0000000A
    __rtentry2.o(.ARM.exidx) refers to __rtentry2.o(.ARM.Collect$$rtentry$$0000000B) for .ARM.Collect$$rtentry$$0000000B
    __rtentry2.o(.ARM.exidx) refers to __rtentry2.o(.ARM.Collect$$rtentry$$0000000D) for .ARM.Collect$$rtentry$$0000000D
    __rtentry4.o(.ARM.Collect$$rtentry$$00000004) refers to datainit_ctboard.o(.text) for __user_setup_stackheap
    __rtentry4.o(.ARM.exidx) refers to __rtentry4.o(.ARM.Collect$$rtentry$$00000004) for .ARM.Collect$$rtentry$$00000004
    rt_div0.o(.text) refers to defsig_fpe_outer.o(.text) for __rt_SIGFPE
    defsig_abrt_outer.o(.text) refers to defsig_abrt_inner.o(.text) for __rt_SIGABRT_inner
    defsig_abrt_outer.o(.text) refers to defsig_exit.o(.text) for __sig_exit
    defsig_abrt_formal.o(.text) refers to rt_raise.o(.text) for __rt_raise
    rt_raise.o(.text) refers to __raise.o(.text) for __raise
    rt_raise.o(.text) refers to system_ctboard.o(.text) for _sys_exit
    exit.o(.text) refers to rtexit.o(.ARM.Collect$$rtexit$$00000000) for __rt_exit
    defsig_exit.o(.text) refers to system_ctboard.o(.text) for _sys_exit
    defsig_abrt_inner.o(.text) refers to defsig_general.o(.text) for __default_signal_display
    defsig_fpe_outer.o(.text) refers to defsig_fpe_inner.o(.text) for __rt_SIGFPE_inner
    defsig_fpe_outer.o(.text) refers to defsig_exit.o(.text) for __sig_exit
    defsig_fpe_formal.o(.text) refers to rt_raise.o(.text) for __rt_raise
    libinit.o(.ARM.Collect$$libinit$$00000000) refers (Special) to libinit2.o(.ARM.Collect$$libinit$$00000030) for __rt_lib_init_alloca_1
    libinit.o(.ARM.Collect$$libinit$$00000000) refers (Special) to libinit2.o(.ARM.Collect$$libinit$$0000002E) for __rt_lib_init_argv_1
    libinit.o(.ARM.Collect$$libinit$$00000000) refers (Special) to libinit2.o(.ARM.Collect$$libinit$$0000001D) for __rt_lib_init_atexit_1
    libinit.o(.ARM.Collect$$libinit$$00000000) refers (Special) to libinit2.o(.ARM.Collect$$libinit$$00000023) for __rt_lib_init_clock_1
    libinit.o(.ARM.Collect$$libinit$$00000000) refers (Special) to libinit2.o(.ARM.Collect$$libinit$$00000034) for __rt_lib_init_cpp_1
    libinit.o(.ARM.Collect$$libinit$$00000000) refers (Special) to libinit2.o(.ARM.Collect$$libinit$$00000032) for __rt_lib_init_exceptions_1
    libinit.o(.ARM.Collect$$libinit$$00000000) refers (Special) to libinit2.o(.ARM.Collect$$libinit$$00000002) for __rt_lib_init_fp_1
    libinit.o(.ARM.Collect$$libinit$$00000000) refers (Special) to libinit2.o(.ARM.Collect$$libinit$$00000021) for __rt_lib_init_fp_trap_1
    libinit.o(.ARM.Collect$$libinit$$00000000) refers (Special) to libinit2.o(.ARM.Collect$$libinit$$00000025) for __rt_lib_init_getenv_1
    libinit.o(.ARM.Collect$$libinit$$00000000) refers (Special) to libinit2.o(.ARM.Collect$$libinit$$0000000C) for __rt_lib_init_heap_1
    libinit.o(.ARM.Collect$$libinit$$00000000) refers (Special) to libinit2.o(.ARM.Collect$$libinit$$00000013) for __rt_lib_init_lc_collate_1
    libinit.o(.ARM.Collect$$libinit$$00000000) refers (Special) to libinit2.o(.ARM.Collect$$libinit$$00000015) for __rt_lib_init_lc_ctype_1
    libinit.o(.ARM.Collect$$libinit$$00000000) refers (Special) to libinit2.o(.ARM.Collect$$libinit$$00000017) for __rt_lib_init_lc_monetary_1
    libinit.o(.ARM.Collect$$libinit$$00000000) refers (Special) to libinit2.o(.ARM.Collect$$libinit$$00000019) for __rt_lib_init_lc_numeric_1
    libinit.o(.ARM.Collect$$libinit$$00000000) refers (Special) to libinit2.o(.ARM.Collect$$libinit$$0000001B) for __rt_lib_init_lc_time_1
    libinit.o(.ARM.Collect$$libinit$$00000000) refers (Special) to libinit2.o(.ARM.Collect$$libinit$$00000006) for __rt_lib_init_preinit_1
    libinit.o(.ARM.Collect$$libinit$$00000000) refers (Special) to libinit2.o(.ARM.Collect$$libinit$$00000010) for __rt_lib_init_rand_1
    libinit.o(.ARM.Collect$$libinit$$00000000) refers (Special) to libinit2.o(.ARM.Collect$$libinit$$00000004) for __rt_lib_init_relocate_pie_1
    libinit.o(.ARM.Collect$$libinit$$00000000) refers (Special) to libinit2.o(.ARM.Collect$$libinit$$00000035) for __rt_lib_init_return
    libinit.o(.ARM.Collect$$libinit$$00000000) refers (Special) to libinit2.o(.ARM.Collect$$libinit$$0000001F) for __rt_lib_init_signal_1
    libinit.o(.ARM.Collect$$libinit$$00000000) refers (Special) to libinit2.o(.ARM.Collect$$libinit$$00000027) for __rt_lib_init_stdio_1
    libinit.o(.ARM.Collect$$libinit$$00000000) refers (Special) to libinit2.o(.ARM.Collect$$libinit$$0000000E) for __rt_lib_init_user_alloc_1
    rtexit.o(.ARM.Collect$$rtexit$$00000000) refers (Special) to rtexit2.o(.ARM.Collect$$rtexit$$00000004) for __rt_exit_exit
    rtexit.o(.ARM.Collect$$rtexit$$00000000) refers (Special) to rtexit2.o(.ARM.Collect$$rtexit$$00000003) for __rt_exit_ls
    rtexit.o(.ARM.Collect$$rtexit$$00000000) refers (Special) to rtexit2.o(.ARM.Collect$$rtexit$$00000002) for __rt_exit_prels_1
    rtexit.o(.ARM.exidx) refers (Special) to rtexit2.o(.ARM.Collect$$rtexit$$00000004) for __rt_exit_exit
    rtexit.o(.ARM.exidx) refers (Special) to rtexit2.o(.ARM.Collect$$rtexit$$00000003) for __rt_exit_ls
    rtexit.o(.ARM.exidx) refers (Special) to rtexit2.o(.ARM.Collect$$rtexit$$00000002) for __rt_exit_prels_1
    rtexit.o(.ARM.exidx) refers to rtexit.o(.ARM.Collect$$rtexit$$00000000) for .ARM.Collect$$rtexit$$00000000
    __raise.o(.text) refers to defsig.o(CL$$defsig) for __default_signal_handler
    defsig_general.o(.text) refers to system_ctboard.o(.text) for _ttywrch
    defsig_fpe_inner.o(.text) refers to defsig_general.o(.text) for __default_signal_display
    libinit2.o(.ARM.Collect$$libinit$$00000012) refers to libinit2.o(.ARM.Collect$$libinit$$00000011) for .ARM.Collect$$libinit$$00000011
    libinit2.o(.ARM.Collect$$libinit$$00000014) refers to libinit2.o(.ARM.Collect$$libinit$$00000011) for .ARM.Collect$$libinit$$00000011
    libinit2.o(.ARM.Collect$$libinit$$00000016) refers to libinit2.o(.ARM.Collect$$libinit$$00000011) for .ARM.Collect$$libinit$$00000011
    libinit2.o(.ARM.Collect$$libinit$$00000018) refers to libinit2.o(.ARM.Collect$$libinit$$00000011) for .ARM.Collect$$libinit$$00000011
    libinit2.o(.ARM.Collect$$libinit$$0000001A) refers to libinit2.o(.ARM.Collect$$libinit$$00000011) for .ARM.Collect$$libinit$$00000011
    libinit2.o(.ARM.Collect$$libinit$$00000028) refers to argv_veneer.o(.text) for __ARM_argv_veneer
    libinit2.o(.ARM.Collect$$libinit$$00000029) refers to argv_veneer.o(.text) for __ARM_argv_veneer
    rtexit2.o(.ARM.Collect$$rtexit$$00000003) refers to libshutdown.o(.ARM.Collect$$libshutdown$$00000000) for __rt_lib_shutdown
    rtexit2.o(.ARM.Collect$$rtexit$$00000004) refers to system_ctboard.o(.text) for _sys_exit
    rtexit2.o(.ARM.exidx) refers to rtexit2.o(.ARM.Collect$$rtexit$$00000001) for .ARM.Collect$$rtexit$$00000001
    rtexit2.o(.ARM.exidx) refers to rtexit2.o(.ARM.Collect$$rtexit$$00000003) for .ARM.Collect$$rtexit$$00000003
    rtexit2.o(.ARM.exidx) refers to rtexit2.o(.ARM.Collect$$rtexit$$00000004) for .ARM.Collect$$rtexit$$00000004
    defsig.o(CL$$defsig) refers to defsig_abrt_inner.o(.text) for __rt_SIGABRT_inner
    defsig.o(CL$$defsig) refers to defsig_fpe_inner.o(.text) for __rt_SIGFPE_inner
    defsig.o(CL$$defsig) refers to defsig_rtmem_inner.o(.text) for __rt_SIGRTMEM_inner
    defsig_rtred_inner.o(.text) refers to defsig_general.o(.text) for __default_signal_display
    defsig_rtmem_inner.o(.text) refers to defsig_general.o(.text) for __default_signal_display
    defsig_stak_inner.o(.text) refers to defsig_general.o(.text) for __default_signal_display
    defsig_pvfn_inner.o(.text) refers to defsig_general.o(.text) for __default_signal_display
    defsig_cppl_inner.o(.text) refers to defsig_general.o(.text) for __default_signal_display
    defsig_segv_inner.o(.text) refers to defsig_general.o(.text) for __default_signal_display
    defsig_other.o(.text) refers to defsig_general.o(.text) for __default_signal_display
    _get_argv_nomalloc.o(.text) refers (Special) to hrguard.o(.text) for __heap_region$guard
    _get_argv_nomalloc.o(.text) refers to defsig_rtmem_outer.o(.text) for __rt_SIGRTMEM
    _get_argv_nomalloc.o(.text) refers to system_ctboard.o(.text) for _sys_command_string
    libshutdown.o(.ARM.Collect$$libshutdown$$00000000) refers (Special) to libshutdown2.o(.ARM.Collect$$libshutdown$$00000002) for __rt_lib_shutdown_cpp_1
    libshutdown.o(.ARM.Collect$$libshutdown$$00000000) refers (Special) to libshutdown2.o(.ARM.Collect$$libshutdown$$00000007) for __rt_lib_shutdown_fp_trap_1
    libshutdown.o(.ARM.Collect$$libshutdown$$00000000) refers (Special) to libshutdown2.o(.ARM.Collect$$libshutdown$$0000000F) for __rt_lib_shutdown_heap_1
    libshutdown.o(.ARM.Collect$$libshutdown$$00000000) refers (Special) to libshutdown2.o(.ARM.Collect$$libshutdown$$00000010) for __rt_lib_shutdown_return
    libshutdown.o(.ARM.Collect$$libshutdown$$00000000) refers (Special) to libshutdown2.o(.ARM.Collect$$libshutdown$$0000000A) for __rt_lib_shutdown_signal_1
    libshutdown.o(.ARM.Collect$$libshutdown$$00000000) refers (Special) to libshutdown2.o(.ARM.Collect$$libshutdown$$00000004) for __rt_lib_shutdown_stdio_1
    libshutdown.o(.ARM.Collect$$libshutdown$$00000000) refers (Special) to libshutdown2.o(.ARM.Collect$$libshutdown$$0000000C) for __rt_lib_shutdown_user_alloc_1
    defsig_rtmem_outer.o(.text) refers to defsig_rtmem_inner.o(.text) for __rt_SIGRTMEM_inner
    defsig_rtmem_outer.o(.text) refers to defsig_exit.o(.text) for __sig_exit
    defsig_rtmem_formal.o(.text) refers to rt_raise.o(.text) for __rt_raise


==============================================================================

Removing Unused input sections from the image.

    Removing cmd_lcd.o(.ARM.exidx), (80 bytes).
    Removing cmd_touch.o(.ARM.exidx), (48 bytes).
    Removing hal_mocked.o(.text), (0 bytes).
    Removing hal_sbuf.o(.ARM.exidx), (16 bytes).
    Removing hal_spi.o(.ARM.exidx), (40 bytes).
    Removing lcd_io.o(.ARM.exidx), (24 bytes).
    Removing main.o(.ARM.exidx), (8 bytes).
    Removing main.o(.ARM.use_no_argv), (4 bytes).
    Removing startup_ctboard.o(HEAP), (2048 bytes).
    Removing system_ctboard.o(.ARM.exidx), (96 bytes).
    Removing hal_fmc.o(.ARM.exidx), (16 bytes).
    Removing hal_gpio.o(.ARM.exidx), (136 bytes).
    Removing hal_pwr.o(.ARM.exidx), (56 bytes).
    Removing hal_rcc.o(.ARM.exidx), (40 bytes).

14 unused section(s) (total 2612 bytes) removed from the image.

==============================================================================

Image Symbol Table

    Local Symbols

    Symbol Name                              Value     Ov Type        Size  Object(Section)

    ../clib/angel/boardlib.s                 0x00000000   Number         0  boardinit1.o ABSOLUTE
    ../clib/angel/boardlib.s                 0x00000000   Number         0  boardinit2.o ABSOLUTE
    ../clib/angel/boardlib.s                 0x00000000   Number         0  boardinit3.o ABSOLUTE
    ../clib/angel/boardlib.s                 0x00000000   Number         0  boardshut.o ABSOLUTE
    ../clib/angel/handlers.s                 0x00000000   Number         0  __scatter_zi.o ABSOLUTE
    ../clib/angel/kernel.s                   0x00000000   Number         0  __rtentry.o ABSOLUTE
    ../clib/angel/kernel.s                   0x00000000   Number         0  __rtentry2.o ABSOLUTE
    ../clib/angel/kernel.s                   0x00000000   Number         0  __rtentry4.o ABSOLUTE
    ../clib/angel/kernel.s                   0x00000000   Number         0  rtexit.o ABSOLUTE
    ../clib/angel/kernel.s                   0x00000000   Number         0  rtexit2.o ABSOLUTE
    ../clib/angel/rt.s                       0x00000000   Number         0  aeabi_idiv0.o ABSOLUTE
    ../clib/angel/rt.s                       0x00000000   Number         0  aeabi_idiv0_sigfpe.o ABSOLUTE
    ../clib/angel/rt.s                       0x00000000   Number         0  rt_div0.o ABSOLUTE
    ../clib/angel/rt.s                       0x00000000   Number         0  rt_raise.o ABSOLUTE
    ../clib/angel/scatterp.s                 0x00000000   Number         0  __scatter.o ABSOLUTE
    ../clib/angel/sys.s                      0x00000000   Number         0  use_no_semi_2.o ABSOLUTE
    ../clib/angel/sys.s                      0x00000000   Number         0  use_no_semi.o ABSOLUTE
    ../clib/armsys.c                         0x00000000   Number         0  argv_veneer.o ABSOLUTE
    ../clib/armsys.c                         0x00000000   Number         0  _get_argv_nomalloc.o ABSOLUTE
    ../clib/armsys.c                         0x00000000   Number         0  no_argv.o ABSOLUTE
    ../clib/assert.c                         0x00000000   Number         0  assert.o ABSOLUTE
    ../clib/assert.c                         0x00000000   Number         0  assert_puts.o ABSOLUTE
    ../clib/division.s                       0x00000000   Number         0  aeabi_sdiv.o ABSOLUTE
    ../clib/division.s                       0x00000000   Number         0  aeabi_sdiv_div0.o ABSOLUTE
    ../clib/heapalloc.c                      0x00000000   Number         0  hrguard.o ABSOLUTE
    ../clib/libinit.s                        0x00000000   Number         0  libinit.o ABSOLUTE
    ../clib/libinit.s                        0x00000000   Number         0  libinit2.o ABSOLUTE
    ../clib/libinit.s                        0x00000000   Number         0  libshutdown.o ABSOLUTE
    ../clib/libinit.s                        0x00000000   Number         0  libshutdown2.o ABSOLUTE
    ../clib/signal.c                         0x00000000   Number         0  defsig_abrt_outer.o ABSOLUTE
    ../clib/signal.c                         0x00000000   Number         0  defsig_abrt_formal.o ABSOLUTE
    ../clib/signal.c                         0x00000000   Number         0  defsig_exit.o ABSOLUTE
    ../clib/signal.c                         0x00000000   Number         0  defsig_abrt_inner.o ABSOLUTE
    ../clib/signal.c                         0x00000000   Number         0  defsig_fpe_outer.o ABSOLUTE
    ../clib/signal.c                         0x00000000   Number         0  defsig_fpe_formal.o ABSOLUTE
    ../clib/signal.c                         0x00000000   Number         0  __raise.o ABSOLUTE
    ../clib/signal.c                         0x00000000   Number         0  defsig_general.o ABSOLUTE
    ../clib/signal.c                         0x00000000   Number         0  defsig_fpe_inner.o ABSOLUTE
    ../clib/signal.c                         0x00000000   Number         0  defsig_rtred_inner.o ABSOLUTE
    ../clib/signal.c                         0x00000000   Number         0  defsig_rtmem_inner.o ABSOLUTE
    ../clib/signal.c                         0x00000000   Number         0  defsig_stak_inner.o ABSOLUTE
    ../clib/signal.c                         0x00000000   Number         0  defsig_pvfn_inner.o ABSOLUTE
    ../clib/signal.c                         0x00000000   Number         0  defsig_cppl_inner.o ABSOLUTE
    ../clib/signal.c                         0x00000000   Number         0  defsig_segv_inner.o ABSOLUTE
    ../clib/signal.c                         0x00000000   Number         0  defsig_other.o ABSOLUTE
    ../clib/signal.c                         0x00000000   Number         0  defsig_rtmem_outer.o ABSOLUTE
    ../clib/signal.c                         0x00000000   Number         0  defsig_rtmem_formal.o ABSOLUTE
    ../clib/signal.s                         0x00000000   Number         0  defsig.o ABSOLUTE
    ../clib/stdlib.c                         0x00000000   Number         0  abort.o ABSOLUTE
    ../clib/stdlib.c                         0x00000000   Number         0  exit.o ABSOLUTE
    ../fplib/cfplib/fpinit.c                 0x00000000   Number         0  fpinit.o ABSOLUTE
    RTE/Device/CT_Board_HS14_M0/datainit_ctboard.s 0x00000000   Number         0  datainit_ctboard.o ABSOLUTE
    RTE/Device/CT_Board_HS14_M0/startup_ctboard.s 0x00000000   Number         0  startup_ctboard.o ABSOLUTE
    cmd_lcd.c                                0x00000000   Number         0  cmd_lcd.o ABSOLUTE
    cmd_touch.c                              0x00000000   Number         0  cmd_touch.o ABSOLUTE
    dc.s                                     0x00000000   Number         0  dc.o ABSOLUTE
    hal_fmc.c                                0x00000000   Number         0  hal_fmc.o ABSOLUTE
    hal_gpio.c                               0x00000000   Number         0  hal_gpio.o ABSOLUTE
    hal_mocked.c                             0x00000000   Number         0  hal_mocked.o ABSOLUTE
    hal_pwr.c                                0x00000000   Number         0  hal_pwr.o ABSOLUTE
    hal_rcc.c                                0x00000000   Number         0  hal_rcc.o ABSOLUTE
    hal_sbuf.c                               0x00000000   Number         0  hal_sbuf.o ABSOLUTE
    hal_spi.c                                0x00000000   Number         0  hal_spi.o ABSOLUTE
    lcd_io.c                                 0x00000000   Number         0  lcd_io.o ABSOLUTE
    main.c                                   0x00000000   Number         0  main.o ABSOLUTE
    system_ctboard.c                         0x00000000   Number         0  system_ctboard.o ABSOLUTE
    RESET                                    0x08000000   Section      428  startup_ctboard.o(RESET)
    !!!scatter                               0x080001ac   Section       84  __scatter.o(!!!scatter)
    !!handler_zi                             0x08000200   Section       28  __scatter_zi.o(!!handler_zi)
    .ARM.Collect$$libinit$$00000000          0x0800021c   Section        2  libinit.o(.ARM.Collect$$libinit$$00000000)
    .ARM.Collect$$libinit$$00000002          0x0800021e   Section        0  libinit2.o(.ARM.Collect$$libinit$$00000002)
    .ARM.Collect$$libinit$$00000004          0x0800021e   Section        0  libinit2.o(.ARM.Collect$$libinit$$00000004)
    .ARM.Collect$$libinit$$00000006          0x0800021e   Section        0  libinit2.o(.ARM.Collect$$libinit$$00000006)
    .ARM.Collect$$libinit$$0000000C          0x0800021e   Section        0  libinit2.o(.ARM.Collect$$libinit$$0000000C)
    .ARM.Collect$$libinit$$0000000E          0x0800021e   Section        0  libinit2.o(.ARM.Collect$$libinit$$0000000E)
    .ARM.Collect$$libinit$$00000010          0x0800021e   Section        0  libinit2.o(.ARM.Collect$$libinit$$00000010)
    .ARM.Collect$$libinit$$00000013          0x0800021e   Section        0  libinit2.o(.ARM.Collect$$libinit$$00000013)
    .ARM.Collect$$libinit$$00000015          0x0800021e   Section        0  libinit2.o(.ARM.Collect$$libinit$$00000015)
    .ARM.Collect$$libinit$$00000017          0x0800021e   Section        0  libinit2.o(.ARM.Collect$$libinit$$00000017)
    .ARM.Collect$$libinit$$00000019          0x0800021e   Section        0  libinit2.o(.ARM.Collect$$libinit$$00000019)
    .ARM.Collect$$libinit$$0000001B          0x0800021e   Section        0  libinit2.o(.ARM.Collect$$libinit$$0000001B)
    .ARM.Collect$$libinit$$0000001D          0x0800021e   Section        0  libinit2.o(.ARM.Collect$$libinit$$0000001D)
    .ARM.Collect$$libinit$$0000001F          0x0800021e   Section        0  libinit2.o(.ARM.Collect$$libinit$$0000001F)
    .ARM.Collect$$libinit$$00000021          0x0800021e   Section        0  libinit2.o(.ARM.Collect$$libinit$$00000021)
    .ARM.Collect$$libinit$$00000023          0x0800021e   Section        0  libinit2.o(.ARM.Collect$$libinit$$00000023)
    .ARM.Collect$$libinit$$00000025          0x0800021e   Section        0  libinit2.o(.ARM.Collect$$libinit$$00000025)
    .ARM.Collect$$libinit$$00000027          0x0800021e   Section        0  libinit2.o(.ARM.Collect$$libinit$$00000027)
    .ARM.Collect$$libinit$$0000002E          0x0800021e   Section        0  libinit2.o(.ARM.Collect$$libinit$$0000002E)
    .ARM.Collect$$libinit$$00000030          0x0800021e   Section        0  libinit2.o(.ARM.Collect$$libinit$$00000030)
    .ARM.Collect$$libinit$$00000032          0x0800021e   Section        0  libinit2.o(.ARM.Collect$$libinit$$00000032)
    .ARM.Collect$$libinit$$00000034          0x0800021e   Section        0  libinit2.o(.ARM.Collect$$libinit$$00000034)
    .ARM.Collect$$libinit$$00000035          0x0800021e   Section        2  libinit2.o(.ARM.Collect$$libinit$$00000035)
    .ARM.Collect$$libshutdown$$00000000      0x08000220   Section        2  libshutdown.o(.ARM.Collect$$libshutdown$$00000000)
    .ARM.Collect$$libshutdown$$00000002      0x08000222   Section        0  libshutdown2.o(.ARM.Collect$$libshutdown$$00000002)
    .ARM.Collect$$libshutdown$$00000004      0x08000222   Section        0  libshutdown2.o(.ARM.Collect$$libshutdown$$00000004)
    .ARM.Collect$$libshutdown$$00000007      0x08000222   Section        0  libshutdown2.o(.ARM.Collect$$libshutdown$$00000007)
    .ARM.Collect$$libshutdown$$0000000A      0x08000222   Section        0  libshutdown2.o(.ARM.Collect$$libshutdown$$0000000A)
    .ARM.Collect$$libshutdown$$0000000C      0x08000222   Section        0  libshutdown2.o(.ARM.Collect$$libshutdown$$0000000C)
    .ARM.Collect$$libshutdown$$0000000F      0x08000222   Section        0  libshutdown2.o(.ARM.Collect$$libshutdown$$0000000F)
    .ARM.Collect$$libshutdown$$00000010      0x08000222   Section        2  libshutdown2.o(.ARM.Collect$$libshutdown$$00000010)
    .ARM.Collect$$rtentry$$00000000          0x08000224   Section        0  __rtentry.o(.ARM.Collect$$rtentry$$00000000)
    .ARM.Collect$$rtentry$$00000002          0x08000224   Section        0  __rtentry2.o(.ARM.Collect$$rtentry$$00000002)
    .ARM.Collect$$rtentry$$00000004          0x08000224   Section        6  __rtentry4.o(.ARM.Collect$$rtentry$$00000004)
    .ARM.Collect$$rtentry$$00000009          0x0800022a   Section        0  __rtentry2.o(.ARM.Collect$$rtentry$$00000009)
    .ARM.Collect$$rtentry$$0000000A          0x0800022a   Section        4  __rtentry2.o(.ARM.Collect$$rtentry$$0000000A)
    .ARM.Collect$$rtentry$$0000000C          0x0800022e   Section        0  __rtentry2.o(.ARM.Collect$$rtentry$$0000000C)
    .ARM.Collect$$rtentry$$0000000D          0x0800022e   Section        8  __rtentry2.o(.ARM.Collect$$rtentry$$0000000D)
    .ARM.Collect$$rtexit$$00000000           0x08000236   Section        2  rtexit.o(.ARM.Collect$$rtexit$$00000000)
    .ARM.Collect$$rtexit$$00000002           0x08000238   Section        0  rtexit2.o(.ARM.Collect$$rtexit$$00000002)
    .ARM.Collect$$rtexit$$00000003           0x08000238   Section        4  rtexit2.o(.ARM.Collect$$rtexit$$00000003)
    .ARM.Collect$$rtexit$$00000004           0x0800023c   Section        6  rtexit2.o(.ARM.Collect$$rtexit$$00000004)
    [Anonymous Symbol]                       0x08000244   Section        0  cmd_lcd.o(.text)
    [Anonymous Symbol]                       0x0800049c   Section        0  cmd_touch.o(.text)
    [Anonymous Symbol]                       0x080006b8   Section        0  hal_sbuf.o(.text)
    __arm_cp.0_0                             0x080006e4   Number         4  hal_sbuf.o(.text)
    __arm_cp.0_1                             0x080006e8   Number         4  hal_sbuf.o(.text)
    __arm_cp.0_2                             0x080006ec   Number         4  hal_sbuf.o(.text)
    __arm_cp.0_3                             0x080006f0   Number         4  hal_sbuf.o(.text)
    __arm_cp.0_4                             0x080006f4   Number         4  hal_sbuf.o(.text)
    __arm_cp.1_0                             0x08000714   Number         4  hal_sbuf.o(.text)
    [Anonymous Symbol]                       0x08000718   Section        0  hal_spi.o(.text)
    __arm_cp.0_0                             0x0800079c   Number         4  hal_spi.o(.text)
    __arm_cp.0_1                             0x080007a0   Number         4  hal_spi.o(.text)
    __arm_cp.0_2                             0x080007a4   Number         4  hal_spi.o(.text)
    __arm_cp.0_3                             0x080007a8   Number         4  hal_spi.o(.text)
    __arm_cp.0_4                             0x080007ac   Number         4  hal_spi.o(.text)
    __arm_cp.0_5                             0x080007b0   Number         4  hal_spi.o(.text)
    __arm_cp.0_6                             0x080007b4   Number         4  hal_spi.o(.text)
    __arm_cp.0_7                             0x080007b8   Number         4  hal_spi.o(.text)
    __arm_cp.0_8                             0x080007bc   Number         4  hal_spi.o(.text)
    set_ss_pin_high                          0x080007c1   Thumb Code     8  hal_spi.o(.text)
    __arm_cp.1_0                             0x080007c8   Number         4  hal_spi.o(.text)
    __arm_cp.2_0                             0x08000828   Number         4  hal_spi.o(.text)
    __arm_cp.2_1                             0x0800082c   Number         4  hal_spi.o(.text)
    set_ss_pin_low                           0x08000831   Thumb Code    12  hal_spi.o(.text)
    __arm_cp.3_0                             0x0800083c   Number         4  hal_spi.o(.text)
    wait_10_us                               0x08000841   Thumb Code    34  hal_spi.o(.text)
    [Anonymous Symbol]                       0x08000864   Section        0  lcd_io.o(.text)
    [Anonymous Symbol]                       0x0800093c   Section        0  main.o(.text)
    __arm_cp.0_0                             0x080009ec   Number         4  main.o(.text)
    __arm_cp.0_1                             0x080009f0   Number         4  main.o(.text)
    .text                                    0x080009f4   Section       40  datainit_ctboard.o(.text)
    .text                                    0x08000a1c   Section       36  startup_ctboard.o(.text)
    [Anonymous Symbol]                       0x08000a40   Section        0  system_ctboard.o(.text)
    init_SystemClock                         0x08000a5d   Thumb Code   196  system_ctboard.o(.text)
    __arm_cp.2_0                             0x08000b20   Number         4  system_ctboard.o(.text)
    __arm_cp.2_1                             0x08000b24   Number         4  system_ctboard.o(.text)
    __arm_cp.2_2                             0x08000b28   Number         4  system_ctboard.o(.text)
    __arm_cp.2_3                             0x08000b2c   Number         4  system_ctboard.o(.text)
    __arm_cp.2_4                             0x08000b30   Number         4  system_ctboard.o(.text)
    init_FPU                                 0x08000b35   Thumb Code     2  system_ctboard.o(.text)
    init_FMC_SRAM                            0x08000b39   Thumb Code   460  system_ctboard.o(.text)
    __arm_cp.4_0                             0x08000d04   Number         4  system_ctboard.o(.text)
    __arm_cp.4_1                             0x08000d08   Number         4  system_ctboard.o(.text)
    __arm_cp.4_2                             0x08000d0c   Number         4  system_ctboard.o(.text)
    __arm_cp.4_3                             0x08000d10   Number         4  system_ctboard.o(.text)
    __arm_cp.4_4                             0x08000d14   Number         4  system_ctboard.o(.text)
    __arm_cp.4_5                             0x08000d18   Number         4  system_ctboard.o(.text)
    __arm_cp.4_6                             0x08000d1c   Number         4  system_ctboard.o(.text)
    __arm_cp.4_7                             0x08000d20   Number         4  system_ctboard.o(.text)
    __arm_cp.4_8                             0x08000d24   Number         4  system_ctboard.o(.text)
    __arm_cp.4_9                             0x08000d28   Number         4  system_ctboard.o(.text)
    init_LCD                                 0x08000d2d   Thumb Code    32  system_ctboard.o(.text)
    __arm_cp.5_0                             0x08000d4c   Number         4  system_ctboard.o(.text)
    [Anonymous Symbol]                       0x08000d74   Section        0  hal_fmc.o(.text)
    __arm_cp.0_0                             0x08000e4c   Number         4  hal_fmc.o(.text)
    __arm_cp.0_1                             0x08000e50   Number         4  hal_fmc.o(.text)
    __arm_cp.0_2                             0x08000e54   Number         4  hal_fmc.o(.text)
    __arm_cp.0_3                             0x08000e58   Number         4  hal_fmc.o(.text)
    __arm_cp.0_4                             0x08000e5c   Number         4  hal_fmc.o(.text)
    __arm_cp.0_5                             0x08000e60   Number         4  hal_fmc.o(.text)
    __arm_cp.0_6                             0x08000e64   Number         4  hal_fmc.o(.text)
    __arm_cp.0_7                             0x08000e68   Number         4  hal_fmc.o(.text)
    __arm_cp.0_8                             0x08000e6c   Number         4  hal_fmc.o(.text)
    __arm_cp.0_9                             0x08000e70   Number         4  hal_fmc.o(.text)
    __arm_cp.0_10                            0x08000e74   Number         4  hal_fmc.o(.text)
    __arm_cp.0_11                            0x08000e78   Number         4  hal_fmc.o(.text)
    __arm_cp.1_0                             0x08001120   Number         4  hal_fmc.o(.text)
    __arm_cp.1_1                             0x08001124   Number         4  hal_fmc.o(.text)
    __arm_cp.1_2                             0x08001128   Number         4  hal_fmc.o(.text)
    __arm_cp.1_3                             0x0800112c   Number         4  hal_fmc.o(.text)
    __arm_cp.1_4                             0x08001130   Number         4  hal_fmc.o(.text)
    __arm_cp.1_5                             0x08001134   Number         4  hal_fmc.o(.text)
    __arm_cp.1_6                             0x08001138   Number         4  hal_fmc.o(.text)
    __arm_cp.1_7                             0x0800113c   Number         4  hal_fmc.o(.text)
    __arm_cp.1_8                             0x08001140   Number         4  hal_fmc.o(.text)
    [Anonymous Symbol]                       0x08001144   Section        0  hal_gpio.o(.text)
    __arm_cp.0_0                             0x080011b4   Number         4  hal_gpio.o(.text)
    __arm_cp.0_1                             0x080011b8   Number         4  hal_gpio.o(.text)
    intercept_overwrite_register             0x0800123d   Thumb Code    48  hal_gpio.o(.text)
    __arm_cp.2_0                             0x0800126c   Number         4  hal_gpio.o(.text)
    __arm_cp.2_1                             0x08001270   Number         4  hal_gpio.o(.text)
    __arm_cp.2_2                             0x08001274   Number         4  hal_gpio.o(.text)
    create_pattern_mask                      0x08001279   Thumb Code   156  hal_gpio.o(.text)
    __arm_cp.13_0                            0x08001940   Number         4  hal_gpio.o(.text)
    __arm_cp.13_1                            0x08001944   Number         4  hal_gpio.o(.text)
    __arm_cp.13_2                            0x08001948   Number         4  hal_gpio.o(.text)
    __arm_cp.13_3                            0x0800194c   Number         4  hal_gpio.o(.text)
    __arm_cp.13_4                            0x08001950   Number         4  hal_gpio.o(.text)
    __arm_cp.13_5                            0x08001954   Number         4  hal_gpio.o(.text)
    __arm_cp.13_6                            0x08001958   Number         4  hal_gpio.o(.text)
    __arm_cp.13_7                            0x0800195c   Number         4  hal_gpio.o(.text)
    __arm_cp.13_8                            0x08001960   Number         4  hal_gpio.o(.text)
    __arm_cp.13_9                            0x08001964   Number         4  hal_gpio.o(.text)
    __arm_cp.13_10                           0x08001968   Number         4  hal_gpio.o(.text)
    __arm_cp.13_11                           0x0800196c   Number         4  hal_gpio.o(.text)
    __arm_cp.13_12                           0x08001970   Number         4  hal_gpio.o(.text)
    get_syscfg_mask                          0x08001975   Thumb Code   232  hal_gpio.o(.text)
    __arm_cp.14_0                            0x08001a5c   Number         4  hal_gpio.o(.text)
    __arm_cp.14_1                            0x08001a60   Number         4  hal_gpio.o(.text)
    __arm_cp.14_2                            0x08001a64   Number         4  hal_gpio.o(.text)
    __arm_cp.14_3                            0x08001a68   Number         4  hal_gpio.o(.text)
    __arm_cp.14_4                            0x08001a6c   Number         4  hal_gpio.o(.text)
    __arm_cp.14_5                            0x08001a70   Number         4  hal_gpio.o(.text)
    __arm_cp.14_6                            0x08001a74   Number         4  hal_gpio.o(.text)
    __arm_cp.14_7                            0x08001a78   Number         4  hal_gpio.o(.text)
    __arm_cp.14_8                            0x08001a7c   Number         4  hal_gpio.o(.text)
    __arm_cp.14_9                            0x08001a80   Number         4  hal_gpio.o(.text)
    __arm_cp.15_0                            0x08001ac8   Number         4  hal_gpio.o(.text)
    __arm_cp.15_1                            0x08001acc   Number         4  hal_gpio.o(.text)
    __arm_cp.16_0                            0x08001ae8   Number         4  hal_gpio.o(.text)
    [Anonymous Symbol]                       0x08001aec   Section        0  hal_pwr.o(.text)
    __arm_cp.0_0                             0x08001afc   Number         4  hal_pwr.o(.text)
    __arm_cp.0_1                             0x08001b00   Number         4  hal_pwr.o(.text)
    __arm_cp.1_0                             0x08001ba4   Number         4  hal_pwr.o(.text)
    __arm_cp.2_0                             0x08001bd8   Number         4  hal_pwr.o(.text)
    __arm_cp.3_0                             0x08001c0c   Number         4  hal_pwr.o(.text)
    __arm_cp.4_0                             0x08001c40   Number         4  hal_pwr.o(.text)
    [Anonymous Symbol]                       0x08001c60   Section        0  hal_rcc.o(.text)
    __arm_cp.0_0                             0x08001cf4   Number         4  hal_rcc.o(.text)
    __arm_cp.0_1                             0x08001cf8   Number         4  hal_rcc.o(.text)
    __arm_cp.0_2                             0x08001cfc   Number         4  hal_rcc.o(.text)
    __arm_cp.0_3                             0x08001d00   Number         4  hal_rcc.o(.text)
    __arm_cp.0_4                             0x08001d04   Number         4  hal_rcc.o(.text)
    __arm_cp.0_5                             0x08001d08   Number         4  hal_rcc.o(.text)
    __arm_cp.0_6                             0x08001d0c   Number         4  hal_rcc.o(.text)
    __arm_cp.0_7                             0x08001d10   Number         4  hal_rcc.o(.text)
    __arm_cp.0_8                             0x08001d14   Number         4  hal_rcc.o(.text)
    __arm_cp.0_9                             0x08001d18   Number         4  hal_rcc.o(.text)
    __arm_cp.0_10                            0x08001d1c   Number         4  hal_rcc.o(.text)
    __arm_cp.0_11                            0x08001d20   Number         4  hal_rcc.o(.text)
    __arm_cp.0_12                            0x08001d24   Number         4  hal_rcc.o(.text)
    __arm_cp.0_13                            0x08001d28   Number         4  hal_rcc.o(.text)
    __arm_cp.0_14                            0x08001d2c   Number         4  hal_rcc.o(.text)
    __arm_cp.0_15                            0x08001d30   Number         4  hal_rcc.o(.text)
    __arm_cp.0_16                            0x08001d34   Number         4  hal_rcc.o(.text)
    __arm_cp.0_17                            0x08001d38   Number         4  hal_rcc.o(.text)
    __arm_cp.0_18                            0x08001d3c   Number         4  hal_rcc.o(.text)
    __arm_cp.0_19                            0x08001d40   Number         4  hal_rcc.o(.text)
    __arm_cp.0_20                            0x08001d44   Number         4  hal_rcc.o(.text)
    __arm_cp.0_21                            0x08001d48   Number         4  hal_rcc.o(.text)
    __arm_cp.0_22                            0x08001d4c   Number         4  hal_rcc.o(.text)
    __arm_cp.0_23                            0x08001d50   Number         4  hal_rcc.o(.text)
    __arm_cp.0_24                            0x08001d54   Number         4  hal_rcc.o(.text)
    __arm_cp.0_25                            0x08001d58   Number         4  hal_rcc.o(.text)
    __arm_cp.0_26                            0x08001d5c   Number         4  hal_rcc.o(.text)
    __arm_cp.0_27                            0x08001d60   Number         4  hal_rcc.o(.text)
    __arm_cp.0_28                            0x08001d64   Number         4  hal_rcc.o(.text)
    __arm_cp.0_29                            0x08001d68   Number         4  hal_rcc.o(.text)
    __arm_cp.0_30                            0x08001d6c   Number         4  hal_rcc.o(.text)
    __arm_cp.0_31                            0x08001d70   Number         4  hal_rcc.o(.text)
    __arm_cp.1_0                             0x08001f50   Number         4  hal_rcc.o(.text)
    __arm_cp.1_1                             0x08001f54   Number         4  hal_rcc.o(.text)
    __arm_cp.1_2                             0x08001f58   Number         4  hal_rcc.o(.text)
    __arm_cp.1_3                             0x08001f5c   Number         4  hal_rcc.o(.text)
    __arm_cp.1_4                             0x08001f60   Number         4  hal_rcc.o(.text)
    __arm_cp.1_5                             0x08001f64   Number         4  hal_rcc.o(.text)
    __arm_cp.2_0                             0x08002074   Number         4  hal_rcc.o(.text)
    __arm_cp.2_1                             0x08002078   Number         4  hal_rcc.o(.text)
    __arm_cp.2_2                             0x0800207c   Number         4  hal_rcc.o(.text)
    __arm_cp.3_0                             0x080022c4   Number         4  hal_rcc.o(.text)
    __arm_cp.3_1                             0x080022c8   Number         4  hal_rcc.o(.text)
    __arm_cp.3_2                             0x080022cc   Number         4  hal_rcc.o(.text)
    __arm_cp.3_3                             0x080022d0   Number         4  hal_rcc.o(.text)
    __arm_cp.3_4                             0x080022d4   Number         4  hal_rcc.o(.text)
    __arm_cp.3_5                             0x080022d8   Number         4  hal_rcc.o(.text)
    __arm_cp.3_6                             0x080022dc   Number         4  hal_rcc.o(.text)
    __arm_cp.3_7                             0x080022e0   Number         4  hal_rcc.o(.text)
    __arm_cp.4_0                             0x08002478   Number         4  hal_rcc.o(.text)
    __arm_cp.4_1                             0x0800247c   Number         4  hal_rcc.o(.text)
    __arm_cp.4_2                             0x08002480   Number         4  hal_rcc.o(.text)
    __arm_cp.4_3                             0x08002484   Number         4  hal_rcc.o(.text)
    .text                                    0x08002488   Section        2  use_no_semi_2.o(.text)
    .text                                    0x0800248c   Section        0  assert.o(.text)
    .text                                    0x08002508   Section      364  aeabi_sdiv.o(.text)
    .text                                    0x08002674   Section        2  use_no_semi.o(.text)
    .text                                    0x08002676   Section        0  abort.o(.text)
    .text                                    0x0800268a   Section        0  assert_puts.o(.text)
    .text                                    0x0800269e   Section        0  defsig_abrt_outer.o(.text)
    .text                                    0x080026aa   Section        0  exit.o(.text)
    .text                                    0x080026ba   Section        0  defsig_exit.o(.text)
    .text                                    0x080026c8   Section        0  defsig_abrt_inner.o(.text)
    .text                                    0x080026f8   Section        0  defsig_general.o(.text)
    [Anonymous Symbol]                       0x0800272c   Section        0  main.o(.rodata.str1.1)
    [Anonymous Symbol]                       0x0800273f   Section        0  hal_fmc.o(.rodata.str1.1)
    [Anonymous Symbol]                       0x080027d7   Section        0  hal_rcc.o(.rodata.str1.1)
    STACK                                    0x20000000   Section     8192  startup_ctboard.o(STACK)
    __initial_sp                             0x20002000   Data           0  startup_ctboard.o(STACK)

    Global Symbols

    Symbol Name                              Value     Ov Type        Size  Object(Section)

    BuildAttributes$$THM_ISAv3M$S$PE$A:L22$X:L11$S22$IEEE1$IW$~IW$USESV6$~STKCKD$USESV7$~SHL$OSPACE$ROPI$EBA8$UX$STANDARDLIB$REQ8$PRES8$EABIv2 0x00000000   Number         0  anon$$obj.o ABSOLUTE
    __ARM_exceptions_init                     - Undefined Weak Reference
    __alloca_initialize                       - Undefined Weak Reference
    __arm_preinit_                            - Undefined Weak Reference
    __arm_relocate_pie_                       - Undefined Weak Reference
    __cpp_initialize__aeabi_                  - Undefined Weak Reference
    __cxa_finalize                            - Undefined Weak Reference
    __rt_locale                               - Undefined Weak Reference
    __scatterload_null                        - Undefined Reference
    __sigvec_lookup                           - Undefined Weak Reference
    _atexit_init                              - Undefined Weak Reference
    _call_atexit_fns                          - Undefined Weak Reference
    _clock_init                               - Undefined Weak Reference
    _fp_trap_init                             - Undefined Weak Reference
    _fp_trap_shutdown                         - Undefined Weak Reference
    _get_lc_collate                           - Undefined Weak Reference
    _get_lc_ctype                             - Undefined Weak Reference
    _get_lc_monetary                          - Undefined Weak Reference
    _get_lc_numeric                           - Undefined Weak Reference
    _get_lc_time                              - Undefined Weak Reference
    _getenv_init                              - Undefined Weak Reference
    _handle_redirection                       - Undefined Weak Reference
    _init_alloc                               - Undefined Weak Reference
    _init_user_alloc                          - Undefined Weak Reference
    _initio                                   - Undefined Weak Reference
    _rand_init                                - Undefined Weak Reference
    _signal_finish                            - Undefined Weak Reference
    _signal_init                              - Undefined Weak Reference
    _terminate_alloc                          - Undefined Weak Reference
    _terminate_user_alloc                     - Undefined Weak Reference
    _terminateio                              - Undefined Weak Reference
    __Vectors_Size                           0x000001ac   Number         0  startup_ctboard.o ABSOLUTE
    Stack_Size                               0x00002000   Number         0  startup_ctboard.o ABSOLUTE
    __Vectors                                0x08000000   Data           4  startup_ctboard.o(RESET)
    __Vectors_End                            0x080001ac   Data           0  startup_ctboard.o(RESET)
    __scatterload                            0x080001ad   Thumb Code     0  __scatter.o(!!!scatter)
    __scatterload_rt2                        0x080001ad   Thumb Code    74  __scatter.o(!!!scatter)
    __scatterload_rt2_thumb_only             0x080001ad   Thumb Code     0  __scatter.o(!!!scatter)
    __scatterload_loop                       0x080001b7   Thumb Code     0  __scatter.o(!!!scatter)
    __scatterload_zeroinit                   0x08000201   Thumb Code    28  __scatter_zi.o(!!handler_zi)
    __rt_lib_init                            0x0800021d   Thumb Code     0  libinit.o(.ARM.Collect$$libinit$$00000000)
    __rt_lib_init_alloca_1                   0x0800021f   Thumb Code     0  libinit2.o(.ARM.Collect$$libinit$$00000030)
    __rt_lib_init_argv_1                     0x0800021f   Thumb Code     0  libinit2.o(.ARM.Collect$$libinit$$0000002E)
    __rt_lib_init_atexit_1                   0x0800021f   Thumb Code     0  libinit2.o(.ARM.Collect$$libinit$$0000001D)
    __rt_lib_init_clock_1                    0x0800021f   Thumb Code     0  libinit2.o(.ARM.Collect$$libinit$$00000023)
    __rt_lib_init_cpp_1                      0x0800021f   Thumb Code     0  libinit2.o(.ARM.Collect$$libinit$$00000034)
    __rt_lib_init_exceptions_1               0x0800021f   Thumb Code     0  libinit2.o(.ARM.Collect$$libinit$$00000032)
    __rt_lib_init_fp_1                       0x0800021f   Thumb Code     0  libinit2.o(.ARM.Collect$$libinit$$00000002)
    __rt_lib_init_fp_trap_1                  0x0800021f   Thumb Code     0  libinit2.o(.ARM.Collect$$libinit$$00000021)
    __rt_lib_init_getenv_1                   0x0800021f   Thumb Code     0  libinit2.o(.ARM.Collect$$libinit$$00000025)
    __rt_lib_init_heap_1                     0x0800021f   Thumb Code     0  libinit2.o(.ARM.Collect$$libinit$$0000000C)
    __rt_lib_init_lc_collate_1               0x0800021f   Thumb Code     0  libinit2.o(.ARM.Collect$$libinit$$00000013)
    __rt_lib_init_lc_ctype_1                 0x0800021f   Thumb Code     0  libinit2.o(.ARM.Collect$$libinit$$00000015)
    __rt_lib_init_lc_monetary_1              0x0800021f   Thumb Code     0  libinit2.o(.ARM.Collect$$libinit$$00000017)
    __rt_lib_init_lc_numeric_1               0x0800021f   Thumb Code     0  libinit2.o(.ARM.Collect$$libinit$$00000019)
    __rt_lib_init_lc_time_1                  0x0800021f   Thumb Code     0  libinit2.o(.ARM.Collect$$libinit$$0000001B)
    __rt_lib_init_preinit_1                  0x0800021f   Thumb Code     0  libinit2.o(.ARM.Collect$$libinit$$00000006)
    __rt_lib_init_rand_1                     0x0800021f   Thumb Code     0  libinit2.o(.ARM.Collect$$libinit$$00000010)
    __rt_lib_init_relocate_pie_1             0x0800021f   Thumb Code     0  libinit2.o(.ARM.Collect$$libinit$$00000004)
    __rt_lib_init_return                     0x0800021f   Thumb Code     0  libinit2.o(.ARM.Collect$$libinit$$00000035)
    __rt_lib_init_signal_1                   0x0800021f   Thumb Code     0  libinit2.o(.ARM.Collect$$libinit$$0000001F)
    __rt_lib_init_stdio_1                    0x0800021f   Thumb Code     0  libinit2.o(.ARM.Collect$$libinit$$00000027)
    __rt_lib_init_user_alloc_1               0x0800021f   Thumb Code     0  libinit2.o(.ARM.Collect$$libinit$$0000000E)
    __rt_lib_shutdown                        0x08000221   Thumb Code     0  libshutdown.o(.ARM.Collect$$libshutdown$$00000000)
    __rt_lib_shutdown_cpp_1                  0x08000223   Thumb Code     0  libshutdown2.o(.ARM.Collect$$libshutdown$$00000002)
    __rt_lib_shutdown_fp_trap_1              0x08000223   Thumb Code     0  libshutdown2.o(.ARM.Collect$$libshutdown$$00000007)
    __rt_lib_shutdown_heap_1                 0x08000223   Thumb Code     0  libshutdown2.o(.ARM.Collect$$libshutdown$$0000000F)
    __rt_lib_shutdown_return                 0x08000223   Thumb Code     0  libshutdown2.o(.ARM.Collect$$libshutdown$$00000010)
    __rt_lib_shutdown_signal_1               0x08000223   Thumb Code     0  libshutdown2.o(.ARM.Collect$$libshutdown$$0000000A)
    __rt_lib_shutdown_stdio_1                0x08000223   Thumb Code     0  libshutdown2.o(.ARM.Collect$$libshutdown$$00000004)
    __rt_lib_shutdown_user_alloc_1           0x08000223   Thumb Code     0  libshutdown2.o(.ARM.Collect$$libshutdown$$0000000C)
    __rt_entry                               0x08000225   Thumb Code     0  __rtentry.o(.ARM.Collect$$rtentry$$00000000)
    __rt_entry_presh_1                       0x08000225   Thumb Code     0  __rtentry2.o(.ARM.Collect$$rtentry$$00000002)
    __rt_entry_sh                            0x08000225   Thumb Code     0  __rtentry4.o(.ARM.Collect$$rtentry$$00000004)
    __rt_entry_li                            0x0800022b   Thumb Code     0  __rtentry2.o(.ARM.Collect$$rtentry$$0000000A)
    __rt_entry_postsh_1                      0x0800022b   Thumb Code     0  __rtentry2.o(.ARM.Collect$$rtentry$$00000009)
    __rt_entry_main                          0x0800022f   Thumb Code     0  __rtentry2.o(.ARM.Collect$$rtentry$$0000000D)
    __rt_entry_postli_1                      0x0800022f   Thumb Code     0  __rtentry2.o(.ARM.Collect$$rtentry$$0000000C)
    __rt_exit                                0x08000237   Thumb Code     0  rtexit.o(.ARM.Collect$$rtexit$$00000000)
    __rt_exit_ls                             0x08000239   Thumb Code     0  rtexit2.o(.ARM.Collect$$rtexit$$00000003)
    __rt_exit_prels_1                        0x08000239   Thumb Code     0  rtexit2.o(.ARM.Collect$$rtexit$$00000002)
    __rt_exit_exit                           0x0800023d   Thumb Code     0  rtexit2.o(.ARM.Collect$$rtexit$$00000004)
    clear_display                            0x08000245   Thumb Code    24  cmd_lcd.o(.text)
    init_display                             0x0800025d   Thumb Code    40  cmd_lcd.o(.text)
    init_terminal                            0x08000285   Thumb Code    24  cmd_lcd.o(.text)
    set_display_color                        0x0800029d   Thumb Code    78  cmd_lcd.o(.text)
    set_font_zoom_factor                     0x080002eb   Thumb Code    38  cmd_lcd.o(.text)
    set_display_font                         0x08000311   Thumb Code    32  cmd_lcd.o(.text)
    print_text_on_display                    0x08000331   Thumb Code   160  cmd_lcd.o(.text)
    set_font_color                           0x080003d1   Thumb Code    78  cmd_lcd.o(.text)
    fill_area                                0x0800041f   Thumb Code    92  cmd_lcd.o(.text)
    set_cursor_on_off                        0x0800047b   Thumb Code    32  cmd_lcd.o(.text)
    set_touch_font                           0x0800049d   Thumb Code    32  cmd_touch.o(.text)
    set_touch_font_zoom_factor               0x080004bd   Thumb Code    40  cmd_touch.o(.text)
    set_touch_font_color                     0x080004e5   Thumb Code    78  cmd_touch.o(.text)
    set_touch_panel_color                    0x08000533   Thumb Code   160  cmd_touch.o(.text)
    set_touch_enable                         0x080005d3   Thumb Code    30  cmd_touch.o(.text)
    define_touch_button                      0x080005f1   Thumb Code   198  cmd_touch.o(.text)
    hal_sbuf_init                            0x080006b9   Thumb Code    44  hal_sbuf.o(.text)
    hal_sbuf_get_state                       0x080006f9   Thumb Code    28  hal_sbuf.o(.text)
    hal_spi_init                             0x08000719   Thumb Code   132  hal_spi.o(.text)
    hal_spi_read_write                       0x080007cd   Thumb Code    92  hal_spi.o(.text)
    init_display_interface                   0x08000865   Thumb Code    12  lcd_io.o(.text)
    read_display_buffer                      0x08000871   Thumb Code    12  lcd_io.o(.text)
    write_cmd_to_display                     0x0800087d   Thumb Code   192  lcd_io.o(.text)
    main                                     0x0800093d   Thumb Code   176  main.o(.text)
    __main                                   0x080009f5   Thumb Code     8  datainit_ctboard.o(.text)
    __user_setup_stackheap                   0x080009fd   Thumb Code    16  datainit_ctboard.o(.text)
    Reset_Handler                            0x08000a1d   Thumb Code     8  startup_ctboard.o(.text)
    NMI_Handler                              0x08000a25   Thumb Code     2  startup_ctboard.o(.text)
    HardFault_Handler                        0x08000a27   Thumb Code     2  startup_ctboard.o(.text)
    MemManage_Handler                        0x08000a29   Thumb Code     2  startup_ctboard.o(.text)
    BusFault_Handler                         0x08000a2b   Thumb Code     2  startup_ctboard.o(.text)
    UsageFault_Handler                       0x08000a2d   Thumb Code     2  startup_ctboard.o(.text)
    SVC_Handler                              0x08000a2f   Thumb Code     2  startup_ctboard.o(.text)
    DebugMon_Handler                         0x08000a31   Thumb Code     2  startup_ctboard.o(.text)
    PendSV_Handler                           0x08000a33   Thumb Code     2  startup_ctboard.o(.text)
    SysTick_Handler                          0x08000a35   Thumb Code     2  startup_ctboard.o(.text)
    ADC_IRQHandler                           0x08000a37   Thumb Code     0  startup_ctboard.o(.text)
    CAN1_RX0_IRQHandler                      0x08000a37   Thumb Code     0  startup_ctboard.o(.text)
    CAN1_RX1_IRQHandler                      0x08000a37   Thumb Code     0  startup_ctboard.o(.text)
    CAN1_SCE_IRQHandler                      0x08000a37   Thumb Code     0  startup_ctboard.o(.text)
    CAN1_TX_IRQHandler                       0x08000a37   Thumb Code     0  startup_ctboard.o(.text)
    CAN2_RX0_IRQHandler                      0x08000a37   Thumb Code     0  startup_ctboard.o(.text)
    CAN2_RX1_IRQHandler                      0x08000a37   Thumb Code     0  startup_ctboard.o(.text)
    CAN2_SCE_IRQHandler                      0x08000a37   Thumb Code     0  startup_ctboard.o(.text)
    CAN2_TX_IRQHandler                       0x08000a37   Thumb Code     0  startup_ctboard.o(.text)
    CRYP_IRQHandler                          0x08000a37   Thumb Code     0  startup_ctboard.o(.text)
    DCMI_IRQHandler                          0x08000a37   Thumb Code     0  startup_ctboard.o(.text)
    DMA1_Stream0_IRQHandler                  0x08000a37   Thumb Code     0  startup_ctboard.o(.text)
    DMA1_Stream1_IRQHandler                  0x08000a37   Thumb Code     0  startup_ctboard.o(.text)
    DMA1_Stream2_IRQHandler                  0x08000a37   Thumb Code     0  startup_ctboard.o(.text)
    DMA1_Stream3_IRQHandler                  0x08000a37   Thumb Code     0  startup_ctboard.o(.text)
    DMA1_Stream4_IRQHandler                  0x08000a37   Thumb Code     0  startup_ctboard.o(.text)
    DMA1_Stream5_IRQHandler                  0x08000a37   Thumb Code     0  startup_ctboard.o(.text)
    DMA1_Stream6_IRQHandler                  0x08000a37   Thumb Code     0  startup_ctboard.o(.text)
    DMA1_Stream7_IRQHandler                  0x08000a37   Thumb Code     0  startup_ctboard.o(.text)
    DMA2D_IRQHandler                         0x08000a37   Thumb Code     0  startup_ctboard.o(.text)
    DMA2_Stream0_IRQHandler                  0x08000a37   Thumb Code     0  startup_ctboard.o(.text)
    DMA2_Stream1_IRQHandler                  0x08000a37   Thumb Code     0  startup_ctboard.o(.text)
    DMA2_Stream2_IRQHandler                  0x08000a37   Thumb Code     0  startup_ctboard.o(.text)
    DMA2_Stream3_IRQHandler                  0x08000a37   Thumb Code     0  startup_ctboard.o(.text)
    DMA2_Stream4_IRQHandler                  0x08000a37   Thumb Code     0  startup_ctboard.o(.text)
    DMA2_Stream5_IRQHandler                  0x08000a37   Thumb Code     0  startup_ctboard.o(.text)
    DMA2_Stream6_IRQHandler                  0x08000a37   Thumb Code     0  startup_ctboard.o(.text)
    DMA2_Stream7_IRQHandler                  0x08000a37   Thumb Code     0  startup_ctboard.o(.text)
    ETH_IRQHandler                           0x08000a37   Thumb Code     0  startup_ctboard.o(.text)
    ETH_WKUP_IRQHandler                      0x08000a37   Thumb Code     0  startup_ctboard.o(.text)
    EXTI0_IRQHandler                         0x08000a37   Thumb Code     0  startup_ctboard.o(.text)
    EXTI15_10_IRQHandler                     0x08000a37   Thumb Code     0  startup_ctboard.o(.text)
    EXTI1_IRQHandler                         0x08000a37   Thumb Code     0  startup_ctboard.o(.text)
    EXTI2_IRQHandler                         0x08000a37   Thumb Code     0  startup_ctboard.o(.text)
    EXTI3_IRQHandler                         0x08000a37   Thumb Code     0  startup_ctboard.o(.text)
    EXTI4_IRQHandler                         0x08000a37   Thumb Code     0  startup_ctboard.o(.text)
    EXTI9_5_IRQHandler                       0x08000a37   Thumb Code     0  startup_ctboard.o(.text)
    FLASH_IRQHandler                         0x08000a37   Thumb Code     0  startup_ctboard.o(.text)
    FMC_IRQHandler                           0x08000a37   Thumb Code     0  startup_ctboard.o(.text)
    FPU_IRQHandler                           0x08000a37   Thumb Code     0  startup_ctboard.o(.text)
    HASH_RNG_IRQHandler                      0x08000a37   Thumb Code     0  startup_ctboard.o(.text)
    I2C1_ER_IRQHandler                       0x08000a37   Thumb Code     0  startup_ctboard.o(.text)
    I2C1_EV_IRQHandler                       0x08000a37   Thumb Code     0  startup_ctboard.o(.text)
    I2C2_ER_IRQHandler                       0x08000a37   Thumb Code     0  startup_ctboard.o(.text)
    I2C2_EV_IRQHandler                       0x08000a37   Thumb Code     0  startup_ctboard.o(.text)
    I2C3_ER_IRQHandler                       0x08000a37   Thumb Code     0  startup_ctboard.o(.text)
    I2C3_EV_IRQHandler                       0x08000a37   Thumb Code     0  startup_ctboard.o(.text)
    LTDC_ER_IRQHandler                       0x08000a37   Thumb Code     0  startup_ctboard.o(.text)
    LTDC_IRQHandler                          0x08000a37   Thumb Code     0  startup_ctboard.o(.text)
    OTG_FS_IRQHandler                        0x08000a37   Thumb Code     0  startup_ctboard.o(.text)
    OTG_FS_WKUP_IRQHandler                   0x08000a37   Thumb Code     0  startup_ctboard.o(.text)
    OTG_HS_EP1_IN_IRQHandler                 0x08000a37   Thumb Code     0  startup_ctboard.o(.text)
    OTG_HS_EP1_OUT_IRQHandler                0x08000a37   Thumb Code     0  startup_ctboard.o(.text)
    OTG_HS_IRQHandler                        0x08000a37   Thumb Code     0  startup_ctboard.o(.text)
    OTG_HS_WKUP_IRQHandler                   0x08000a37   Thumb Code     0  startup_ctboard.o(.text)
    PVD_IRQHandler                           0x08000a37   Thumb Code     0  startup_ctboard.o(.text)
    RCC_IRQHandler                           0x08000a37   Thumb Code     0  startup_ctboard.o(.text)
    RTC_Alarm_IRQHandler                     0x08000a37   Thumb Code     0  startup_ctboard.o(.text)
    RTC_WKUP_IRQHandler                      0x08000a37   Thumb Code     0  startup_ctboard.o(.text)
    SAI1_IRQHandler                          0x08000a37   Thumb Code     0  startup_ctboard.o(.text)
    SDIO_IRQHandler                          0x08000a37   Thumb Code     0  startup_ctboard.o(.text)
    SPI1_IRQHandler                          0x08000a37   Thumb Code     0  startup_ctboard.o(.text)
    SPI2_IRQHandler                          0x08000a37   Thumb Code     0  startup_ctboard.o(.text)
    SPI3_IRQHandler                          0x08000a37   Thumb Code     0  startup_ctboard.o(.text)
    SPI4_IRQHandler                          0x08000a37   Thumb Code     0  startup_ctboard.o(.text)
    SPI5_IRQHandler                          0x08000a37   Thumb Code     0  startup_ctboard.o(.text)
    SPI6_IRQHandler                          0x08000a37   Thumb Code     0  startup_ctboard.o(.text)
    TAMP_STAMP_IRQHandler                    0x08000a37   Thumb Code     0  startup_ctboard.o(.text)
    TIM1_BRK_TIM9_IRQHandler                 0x08000a37   Thumb Code     0  startup_ctboard.o(.text)
    TIM1_CC_IRQHandler                       0x08000a37   Thumb Code     0  startup_ctboard.o(.text)
    TIM1_TRG_COM_TIM11_IRQHandler            0x08000a37   Thumb Code     0  startup_ctboard.o(.text)
    TIM1_UP_TIM10_IRQHandler                 0x08000a37   Thumb Code     0  startup_ctboard.o(.text)
    TIM2_IRQHandler                          0x08000a37   Thumb Code     0  startup_ctboard.o(.text)
    TIM3_IRQHandler                          0x08000a37   Thumb Code     0  startup_ctboard.o(.text)
    TIM4_IRQHandler                          0x08000a37   Thumb Code     0  startup_ctboard.o(.text)
    TIM5_IRQHandler                          0x08000a37   Thumb Code     0  startup_ctboard.o(.text)
    TIM6_DAC_IRQHandler                      0x08000a37   Thumb Code     0  startup_ctboard.o(.text)
    TIM7_IRQHandler                          0x08000a37   Thumb Code     0  startup_ctboard.o(.text)
    TIM8_BRK_TIM12_IRQHandler                0x08000a37   Thumb Code     0  startup_ctboard.o(.text)
    TIM8_CC_IRQHandler                       0x08000a37   Thumb Code     0  startup_ctboard.o(.text)
    TIM8_TRG_COM_TIM14_IRQHandler            0x08000a37   Thumb Code     0  startup_ctboard.o(.text)
    TIM8_UP_TIM13_IRQHandler                 0x08000a37   Thumb Code     0  startup_ctboard.o(.text)
    UART4_IRQHandler                         0x08000a37   Thumb Code     0  startup_ctboard.o(.text)
    UART5_IRQHandler                         0x08000a37   Thumb Code     0  startup_ctboard.o(.text)
    UART7_IRQHandler                         0x08000a37   Thumb Code     0  startup_ctboard.o(.text)
    UART8_IRQHandler                         0x08000a37   Thumb Code     0  startup_ctboard.o(.text)
    USART1_IRQHandler                        0x08000a37   Thumb Code     0  startup_ctboard.o(.text)
    USART2_IRQHandler                        0x08000a37   Thumb Code     0  startup_ctboard.o(.text)
    USART3_IRQHandler                        0x08000a37   Thumb Code     0  startup_ctboard.o(.text)
    USART6_IRQHandler                        0x08000a37   Thumb Code     0  startup_ctboard.o(.text)
    WWDG_IRQHandler                          0x08000a37   Thumb Code     0  startup_ctboard.o(.text)
    __system                                 0x08000a41   Thumb Code     8  system_ctboard.o(.text)
    system_enter_run                         0x08000a49   Thumb Code    20  system_ctboard.o(.text)
    system_enter_sleep                       0x08000d51   Thumb Code     2  system_ctboard.o(.text)
    system_enter_stop                        0x08000d53   Thumb Code     2  system_ctboard.o(.text)
    system_enter_standby                     0x08000d55   Thumb Code     2  system_ctboard.o(.text)
    _sys_command_string                      0x08000d57   Thumb Code    12  system_ctboard.o(.text)
    _ttywrch                                 0x08000d63   Thumb Code     8  system_ctboard.o(.text)
    _sys_exit                                0x08000d6b   Thumb Code     8  system_ctboard.o(.text)
    hal_fmc_reset                            0x08000d75   Thumb Code   216  hal_fmc.o(.text)
    hal_fmc_init_sram                        0x08000e7d   Thumb Code   676  hal_fmc.o(.text)
    hal_gpio_reset                           0x08001145   Thumb Code   112  hal_gpio.o(.text)
    hal_gpio_init_input                      0x080011bd   Thumb Code   126  hal_gpio.o(.text)
    hal_gpio_init_analog                     0x08001315   Thumb Code    84  hal_gpio.o(.text)
    hal_gpio_init_output                     0x08001369   Thumb Code   208  hal_gpio.o(.text)
    hal_gpio_init_alternate                  0x08001439   Thumb Code   194  hal_gpio.o(.text)
    hal_gpio_input_read                      0x080014fb   Thumb Code    14  hal_gpio.o(.text)
    hal_gpio_output_read                     0x08001509   Thumb Code    14  hal_gpio.o(.text)
    hal_gpio_output_write                    0x08001517   Thumb Code    42  hal_gpio.o(.text)
    hal_gpio_bit_set                         0x08001541   Thumb Code    54  hal_gpio.o(.text)
    hal_gpio_bit_reset                       0x08001577   Thumb Code    54  hal_gpio.o(.text)
    hal_gpio_bit_toggle                      0x080015ad   Thumb Code    78  hal_gpio.o(.text)
    hal_gpio_irq_set                         0x080015fd   Thumb Code   836  hal_gpio.o(.text)
    hal_gpio_irq_status                      0x08001a85   Thumb Code    68  hal_gpio.o(.text)
    hal_gpio_irq_clear                       0x08001ad1   Thumb Code    24  hal_gpio.o(.text)
    hal_pwr_reset                            0x08001aed   Thumb Code    16  hal_pwr.o(.text)
    hal_pwr_set_backup_domain                0x08001b05   Thumb Code   160  hal_pwr.o(.text)
    hal_pwr_set_backup_access                0x08001ba9   Thumb Code    48  hal_pwr.o(.text)
    hal_pwr_set_wakeup_pin                   0x08001bdd   Thumb Code    48  hal_pwr.o(.text)
    hal_pwr_set_flash_powerdown              0x08001c11   Thumb Code    48  hal_pwr.o(.text)
    hal_pwr_set_overdrive                    0x08001c45   Thumb Code    14  hal_pwr.o(.text)
    hal_pwr_set_underdrive                   0x08001c53   Thumb Code    14  hal_pwr.o(.text)
    hal_rcc_reset                            0x08001c61   Thumb Code   148  hal_rcc.o(.text)
    hal_rcc_set_peripheral                   0x08001d75   Thumb Code   476  hal_rcc.o(.text)
    hal_rcc_set_osc                          0x08001f69   Thumb Code   268  hal_rcc.o(.text)
    hal_rcc_setup_pll                        0x08002081   Thumb Code   580  hal_rcc.o(.text)
    hal_rcc_setup_clock                      0x080022e5   Thumb Code   404  hal_rcc.o(.text)
    __use_no_semihosting                     0x08002489   Thumb Code     2  use_no_semi_2.o(.text)
    __aeabi_assert                           0x0800248d   Thumb Code    82  assert.o(.text)
    __assert                                 0x0800248d   Thumb Code     0  assert.o(.text)
    __aeabi_uidiv                            0x08002509   Thumb Code     0  aeabi_sdiv.o(.text)
    __aeabi_uidivmod                         0x08002509   Thumb Code    20  aeabi_sdiv.o(.text)
    __aeabi_idiv                             0x0800251d   Thumb Code     0  aeabi_sdiv.o(.text)
    __aeabi_idivmod                          0x0800251d   Thumb Code   338  aeabi_sdiv.o(.text)
    __semihosting$guard                      0x08002675   Thumb Code     0  use_no_semi.o(.text)
    __use_no_semihosting_swi                 0x08002675   Thumb Code     2  use_no_semi.o(.text)
    abort                                    0x08002677   Thumb Code    20  abort.o(.text)
    __assert_puts                            0x0800268b   Thumb Code    20  assert_puts.o(.text)
    __rt_SIGABRT                             0x0800269f   Thumb Code    12  defsig_abrt_outer.o(.text)
    exit                                     0x080026ab   Thumb Code    16  exit.o(.text)
    __sig_exit                               0x080026bb   Thumb Code    12  defsig_exit.o(.text)
    __rt_SIGABRT_inner                       0x080026c9   Thumb Code    14  defsig_abrt_inner.o(.text)
    __default_signal_display                 0x080026f9   Thumb Code    52  defsig_general.o(.text)
    Region$$Table$$Base                      0x08002948   Number         0  anon$$obj.o(Region$$Table)
    Region$$Table$$Limit                     0x08002958   Number         0  anon$$obj.o(Region$$Table)
    Stack_Mem                                0x20000000   Data        8192  startup_ctboard.o(STACK)



==============================================================================

Memory Map of the image

  Image Entry point : 0x08000a1d

  Load Region LR_IROM1 (Base: 0x08000000, Size: 0x00002958, Max: 0x00200000, ABSOLUTE)

    Execution Region ER_IROM1 (Exec base: 0x08000000, Load base: 0x08000000, Size: 0x00002958, Max: 0x00200000, ABSOLUTE)

    Exec Addr    Load Addr    Size         Type   Attr      Idx    E Section Name        Object

    0x08000000   0x08000000   0x000001ac   Data   RO           54    RESET               startup_ctboard.o
    0x080001ac   0x080001ac   0x00000054   Code   RO          106    !!!scatter          c_p.l(__scatter.o)
    0x08000200   0x08000200   0x0000001c   Code   RO          273    !!handler_zi        c_p.l(__scatter_zi.o)
    0x0800021c   0x0800021c   0x00000002   Code   RO          159    .ARM.Collect$$libinit$$00000000  c_p.l(libinit.o)
    0x0800021e   0x0800021e   0x00000000   Code   RO          169    .ARM.Collect$$libinit$$00000002  c_p.l(libinit2.o)
    0x0800021e   0x0800021e   0x00000000   Code   RO          171    .ARM.Collect$$libinit$$00000004  c_p.l(libinit2.o)
    0x0800021e   0x0800021e   0x00000000   Code   RO          173    .ARM.Collect$$libinit$$00000006  c_p.l(libinit2.o)
    0x0800021e   0x0800021e   0x00000000   Code   RO          176    .ARM.Collect$$libinit$$0000000C  c_p.l(libinit2.o)
    0x0800021e   0x0800021e   0x00000000   Code   RO          178    .ARM.Collect$$libinit$$0000000E  c_p.l(libinit2.o)
    0x0800021e   0x0800021e   0x00000000   Code   RO          180    .ARM.Collect$$libinit$$00000010  c_p.l(libinit2.o)
    0x0800021e   0x0800021e   0x00000000   Code   RO          183    .ARM.Collect$$libinit$$00000013  c_p.l(libinit2.o)
    0x0800021e   0x0800021e   0x00000000   Code   RO          185    .ARM.Collect$$libinit$$00000015  c_p.l(libinit2.o)
    0x0800021e   0x0800021e   0x00000000   Code   RO          187    .ARM.Collect$$libinit$$00000017  c_p.l(libinit2.o)
    0x0800021e   0x0800021e   0x00000000   Code   RO          189    .ARM.Collect$$libinit$$00000019  c_p.l(libinit2.o)
    0x0800021e   0x0800021e   0x00000000   Code   RO          191    .ARM.Collect$$libinit$$0000001B  c_p.l(libinit2.o)
    0x0800021e   0x0800021e   0x00000000   Code   RO          193    .ARM.Collect$$libinit$$0000001D  c_p.l(libinit2.o)
    0x0800021e   0x0800021e   0x00000000   Code   RO          195    .ARM.Collect$$libinit$$0000001F  c_p.l(libinit2.o)
    0x0800021e   0x0800021e   0x00000000   Code   RO          197    .ARM.Collect$$libinit$$00000021  c_p.l(libinit2.o)
    0x0800021e   0x0800021e   0x00000000   Code   RO          199    .ARM.Collect$$libinit$$00000023  c_p.l(libinit2.o)
    0x0800021e   0x0800021e   0x00000000   Code   RO          201    .ARM.Collect$$libinit$$00000025  c_p.l(libinit2.o)
    0x0800021e   0x0800021e   0x00000000   Code   RO          203    .ARM.Collect$$libinit$$00000027  c_p.l(libinit2.o)
    0x0800021e   0x0800021e   0x00000000   Code   RO          207    .ARM.Collect$$libinit$$0000002E  c_p.l(libinit2.o)
    0x0800021e   0x0800021e   0x00000000   Code   RO          209    .ARM.Collect$$libinit$$00000030  c_p.l(libinit2.o)
    0x0800021e   0x0800021e   0x00000000   Code   RO          211    .ARM.Collect$$libinit$$00000032  c_p.l(libinit2.o)
    0x0800021e   0x0800021e   0x00000000   Code   RO          213    .ARM.Collect$$libinit$$00000034  c_p.l(libinit2.o)
    0x0800021e   0x0800021e   0x00000002   Code   RO          214    .ARM.Collect$$libinit$$00000035  c_p.l(libinit2.o)
    0x08000220   0x08000220   0x00000002   Code   RO          248    .ARM.Collect$$libshutdown$$00000000  c_p.l(libshutdown.o)
    0x08000222   0x08000222   0x00000000   Code   RO          256    .ARM.Collect$$libshutdown$$00000002  c_p.l(libshutdown2.o)
    0x08000222   0x08000222   0x00000000   Code   RO          258    .ARM.Collect$$libshutdown$$00000004  c_p.l(libshutdown2.o)
    0x08000222   0x08000222   0x00000000   Code   RO          261    .ARM.Collect$$libshutdown$$00000007  c_p.l(libshutdown2.o)
    0x08000222   0x08000222   0x00000000   Code   RO          264    .ARM.Collect$$libshutdown$$0000000A  c_p.l(libshutdown2.o)
    0x08000222   0x08000222   0x00000000   Code   RO          266    .ARM.Collect$$libshutdown$$0000000C  c_p.l(libshutdown2.o)
    0x08000222   0x08000222   0x00000000   Code   RO          269    .ARM.Collect$$libshutdown$$0000000F  c_p.l(libshutdown2.o)
    0x08000222   0x08000222   0x00000002   Code   RO          270    .ARM.Collect$$libshutdown$$00000010  c_p.l(libshutdown2.o)
    0x08000224   0x08000224   0x00000000   Code   RO          112    .ARM.Collect$$rtentry$$00000000  c_p.l(__rtentry.o)
    0x08000224   0x08000224   0x00000000   Code   RO          122    .ARM.Collect$$rtentry$$00000002  c_p.l(__rtentry2.o)
    0x08000224   0x08000224   0x00000006   Code   RO          134    .ARM.Collect$$rtentry$$00000004  c_p.l(__rtentry4.o)
    0x0800022a   0x0800022a   0x00000000   Code   RO          124    .ARM.Collect$$rtentry$$00000009  c_p.l(__rtentry2.o)
    0x0800022a   0x0800022a   0x00000004   Code   RO          125    .ARM.Collect$$rtentry$$0000000A  c_p.l(__rtentry2.o)
    0x0800022e   0x0800022e   0x00000000   Code   RO          127    .ARM.Collect$$rtentry$$0000000C  c_p.l(__rtentry2.o)
    0x0800022e   0x0800022e   0x00000008   Code   RO          128    .ARM.Collect$$rtentry$$0000000D  c_p.l(__rtentry2.o)
    0x08000236   0x08000236   0x00000002   Code   RO          160    .ARM.Collect$$rtexit$$00000000  c_p.l(rtexit.o)
    0x08000238   0x08000238   0x00000000   Code   RO          216    .ARM.Collect$$rtexit$$00000002  c_p.l(rtexit2.o)
    0x08000238   0x08000238   0x00000004   Code   RO          217    .ARM.Collect$$rtexit$$00000003  c_p.l(rtexit2.o)
    0x0800023c   0x0800023c   0x00000006   Code   RO          218    .ARM.Collect$$rtexit$$00000004  c_p.l(rtexit2.o)
    0x08000242   0x08000242   0x00000002   PAD
    0x08000244   0x08000244   0x00000256   Code   RO            1    .text               cmd_lcd.o
    0x0800049a   0x0800049a   0x00000002   PAD
    0x0800049c   0x0800049c   0x0000021a   Code   RO            8    .text               cmd_touch.o
    0x080006b6   0x080006b6   0x00000002   PAD
    0x080006b8   0x080006b8   0x00000060   Code   RO           16    .text               hal_sbuf.o
    0x08000718   0x08000718   0x0000014a   Code   RO           23    .text               hal_spi.o
    0x08000862   0x08000862   0x00000002   PAD
    0x08000864   0x08000864   0x000000d8   Code   RO           30    .text               lcd_io.o
    0x0800093c   0x0800093c   0x000000b8   Code   RO           37    .text               main.o
    0x080009f4   0x080009f4   0x00000028   Code   RO           46    .text               datainit_ctboard.o
    0x08000a1c   0x08000a1c   0x00000024   Code   RO           55  * .text               startup_ctboard.o
    0x08000a40   0x08000a40   0x00000332   Code   RO           59    .text               system_ctboard.o
    0x08000d72   0x08000d72   0x00000002   PAD
    0x08000d74   0x08000d74   0x000003d0   Code   RO           66    .text               hal_fmc.o
    0x08001144   0x08001144   0x000009a8   Code   RO           74    .text               hal_gpio.o
    0x08001aec   0x08001aec   0x00000174   Code   RO           81    .text               hal_pwr.o
    0x08001c60   0x08001c60   0x00000828   Code   RO           88    .text               hal_rcc.o
    0x08002488   0x08002488   0x00000002   Code   RO           98    .text               c_p.l(use_no_semi_2.o)
    0x0800248a   0x0800248a   0x00000002   PAD
    0x0800248c   0x0800248c   0x0000007c   Code   RO          100    .text               c_p.l(assert.o)
    0x08002508   0x08002508   0x0000016c   Code   RO          102    .text               c_p.l(aeabi_sdiv.o)
    0x08002674   0x08002674   0x00000002   Code   RO          110    .text               c_p.l(use_no_semi.o)
    0x08002676   0x08002676   0x00000014   Code   RO          117    .text               c_p.l(abort.o)
    0x0800268a   0x0800268a   0x00000014   Code   RO          119    .text               c_p.l(assert_puts.o)
    0x0800269e   0x0800269e   0x0000000c   Code   RO          138    .text               c_p.l(defsig_abrt_outer.o)
    0x080026aa   0x080026aa   0x00000010   Code   RO          144    .text               c_p.l(exit.o)
    0x080026ba   0x080026ba   0x0000000c   Code   RO          146    .text               c_p.l(defsig_exit.o)
    0x080026c6   0x080026c6   0x00000002   PAD
    0x080026c8   0x080026c8   0x00000030   Code   RO          148    .text               c_p.l(defsig_abrt_inner.o)
    0x080026f8   0x080026f8   0x00000034   Code   RO          164    .text               c_p.l(defsig_general.o)
    0x0800272c   0x0800272c   0x00000013   Data   RO           39    .rodata.str1.1      main.o
    0x0800273f   0x0800273f   0x00000098   Data   RO           68    .rodata.str1.1      hal_fmc.o
    0x080027d7   0x080027d7   0x00000170   Data   RO           90    .rodata.str1.1      hal_rcc.o
    0x08002947   0x08002947   0x00000001   PAD
    0x08002948   0x08002948   0x00000010   Data   RO          272    Region$$Table       anon$$obj.o


    Execution Region RW_IRAM1 (Exec base: 0x20000000, Load base: 0x08002958, Size: 0x00002000, Max: 0x00030000, ABSOLUTE)

    Exec Addr    Load Addr    Size         Type   Attr      Idx    E Section Name        Object

    0x20000000        -       0x00002000   Zero   RW           52    STACK               startup_ctboard.o


==============================================================================

Image component sizes


      Code (inc. data)   RO Data    RW Data    ZI Data      Debug   Object Name

       598          0          0          0          0       2353   cmd_lcd.o
       538          0          0          0          0       2163   cmd_touch.o
        40         16          0          0          0        472   datainit_ctboard.o
       976        116        152          0          0       3321   hal_fmc.o
      2472        124          0          0          0       8349   hal_gpio.o
       372         24          0          0          0       1861   hal_pwr.o
      2088        536        368          0          0       5077   hal_rcc.o
        96         24          0          0          0       1785   hal_sbuf.o
       330         52          0          0          0       2414   hal_spi.o
       216          0          0          0          0       1099   lcd_io.o
       184          8         19          0          0        731   main.o
        36          8        428          0       8192        816   startup_ctboard.o
       818         64          0          0          0       6734   system_ctboard.o

    ----------------------------------------------------------------------
      8772        972        984          0       8192      37175   Object Totals
         0          0         16          0          0          0   (incl. Generated)
         8          0          1          0          0          0   (incl. Padding)

    ----------------------------------------------------------------------

      Code (inc. data)   RO Data    RW Data    ZI Data      Debug   Library Member Name

         0          0          0          0          0          0   __rtentry.o
        12          0          0          0          0          0   __rtentry2.o
         6          0          0          0          0          0   __rtentry4.o
        84         10          0          0          0         68   __scatter.o
        28          0          0          0          0          0   __scatter_zi.o
        20          0          0          0          0         68   abort.o
       364          4          0          0          0         92   aeabi_sdiv.o
       124         42          0          0          0         68   assert.o
        20          0          0          0          0         68   assert_puts.o
        48         34          0          0          0         68   defsig_abrt_inner.o
        12          0          0          0          0         68   defsig_abrt_outer.o
        12          0          0          0          0         68   defsig_exit.o
        52          0          0          0          0         72   defsig_general.o
        16          0          0          0          0         68   exit.o
         2          0          0          0          0          0   libinit.o
         2          0          0          0          0          0   libinit2.o
         2          0          0          0          0          0   libshutdown.o
         2          0          0          0          0          0   libshutdown2.o
         2          0          0          0          0          0   rtexit.o
        10          0          0          0          0          0   rtexit2.o
         2          0          0          0          0         68   use_no_semi.o
         2          0          0          0          0         68   use_no_semi_2.o

    ----------------------------------------------------------------------
       828         90          0          0          0        844   Library Totals
         6          0          0          0          0          0   (incl. Padding)

    ----------------------------------------------------------------------

      Code (inc. data)   RO Data    RW Data    ZI Data      Debug   Library Name

       822         90          0          0          0        844   c_p.l

    ----------------------------------------------------------------------
       828         90          0          0          0        844   Library Totals

    ----------------------------------------------------------------------

==============================================================================


      Code (inc. data)   RO Data    RW Data    ZI Data      Debug   

      9600       1062        984          0       8192      37319   Grand Totals
      9600       1062        984          0       8192      37319   ELF Image Totals
      9600       1062        984          0          0          0   ROM Totals

==============================================================================

    Total RO  Size (Code + RO Data)                10584 (  10.34kB)
    Total RW  Size (RW Data + ZI Data)              8192 (   8.00kB)
    Total ROM Size (Code + RO Data + RW Data)      10584 (  10.34kB)

==============================================================================

